npm notice run forgotten-mistory@2.0.0 npx
npm notice run 'playwright' test tests/overhaul/scene-listen.spec.ts tests/overhaul/cta-duplication.spec.ts tests/e2e/navigation.spec.ts tests/e2e/experience.spec.ts tests/e2e/hero.spec.ts

[2mRunning [22m56[2m tests using [22m2[2m workers[22m

  [32m✓[39m  [2m 2 [22m[chromium] › tests/e2e/experience.spec.ts:41:7 › Experience › TC-EXP-02: bar lengths are proportional to real durations[2m (1.6s)[22m
  [32m✓[39m  [2m 1 [22m[chromium] › tests/e2e/experience.spec.ts:21:7 › Experience › TC-EXP-01: every role from the CV appears in the chart and the list[2m (1.9s)[22m
  [32m✓[39m  [2m 3 [22m[chromium] › tests/e2e/experience.spec.ts:64:7 › Experience › TC-EXP-03: the axis is labelled with real years[2m (1.5s)[22m
  [32m✓[39m  [2m 4 [22m[chromium] › tests/e2e/experience.spec.ts:71:7 › Experience › TC-EXP-04: each chart row is a real button with an accessible name[2m (1.5s)[22m
  [32m✓[39m  [2m 5 [22m[chromium] › tests/e2e/experience.spec.ts:79:7 › Experience › TC-EXP-05: the current role opens by default and lists its bullets[2m (1.6s)[22m
  [32m✓[39m  [2m 6 [22m[chromium] › tests/e2e/experience.spec.ts:86:7 › Experience › TC-EXP-06: roles expand and collapse from the keyboard[2m (2.1s)[22m
  [32m✓[39m  [2m 7 [22m[chromium] › tests/e2e/experience.spec.ts:97:7 › Experience › TC-EXP-07: headline figures carry their role, not a bare number[2m (1.4s)[22m
  [32m✓[39m  [2m 9 [22m[chromium] › tests/e2e/experience.spec.ts:107:9 › Experience › TC-EXP-09 @ 1440: every chart row, bar and readout lives inside the spine[2m (3.2s)[22m
  [32m✓[39m  [2m 8 [22m[chromium] › tests/e2e/experience.spec.ts:107:9 › Experience › TC-EXP-09 @ 1280: every chart row, bar and readout lives inside the spine[2m (4.0s)[22m
  [32m✓[39m  [2m11 [22m[chromium] › tests/e2e/experience.spec.ts:159:7 › Experience › TC-EXP-10: the duration readouts are printed in --mist-200[2m (2.2s)[22m
  [32m✓[39m  [2m12 [22m[chromium] › tests/e2e/experience.spec.ts:180:7 › Experience › TC-EXP-11: the longest bar is the brightest object in the chart, and it is ANZ[2m (1.6s)[22m
  [32m✓[39m  [2m13 [22m[chromium] › tests/e2e/experience.spec.ts:240:7 › Experience › TC-EXP-08: the section is complete without WebGL[2m (1.8s)[22m
  [32m✓[39m  [2m10 [22m[chromium] › tests/e2e/experience.spec.ts:107:9 › Experience › TC-EXP-09 @ 1920: every chart row, bar and readout lives inside the spine[2m (6.7s)[22m
  [32m✓[39m  [2m14 [22m[chromium] › tests/e2e/hero.spec.ts:30:7 › Hero › TC-HERO-01: the name is the page h1[2m (1.7s)[22m
  [32m✓[39m  [2m15 [22m[chromium] › tests/e2e/hero.spec.ts:38:7 › Hero › TC-HERO-02: positioning, location and one-sentence statement render[2m (1.6s)[22m
  [32m✓[39m  [2m16 [22m[chromium] › tests/e2e/hero.spec.ts:46:7 › Hero › TC-HERO-03: the statement stays within its word budget[2m (1.4s)[22m
  [32m✓[39m  [2m17 [22m[chromium] › tests/e2e/hero.spec.ts:54:7 › Hero › TC-HERO-04: the ledger shows three figures, each with its source[2m (1.5s)[22m
  [32m✓[39m  [2m18 [22m[chromium] › tests/e2e/hero.spec.ts:68:7 › Hero › TC-HERO-05: both actions are present and reachable[2m (1.3s)[22m
  [32m✓[39m  [2m19 [22m[chromium] › tests/e2e/hero.spec.ts:79:7 › Hero › TC-HERO-06: recruiter channels are linked[2m (1.2s)[22m
  [32m✓[39m  [2m20 [22m[chromium] › tests/e2e/hero.spec.ts:87:7 › Hero › TC-HERO-07: a truthful availability signal is shown[2m (1.3s)[22m
  [32m✓[39m  [2m21 [22m[chromium] › tests/e2e/hero.spec.ts:93:7 › Hero › TC-HERO-08: the hero fills the first viewport without overflowing it[2m (1.8s)[22m
  [32m✓[39m  [2m22 [22m[chromium] › tests/e2e/hero.spec.ts:107:7 › Hero › TC-HERO-09: the whole hero is legible in the first viewport[2m (1.3s)[22m
  [32m✓[39m  [2m23 [22m[chromium] › tests/e2e/hero.spec.ts:123:7 › Hero › TC-HERO-10: the preloader is gone[2m (1.4s)[22m
  [32m✓[39m  [2m24 [22m[chromium] › tests/e2e/hero.spec.ts:129:7 › Hero › TC-HERO-11: the hero holds at most one WebGL context[2m (2.5s)[22m
  [32m✓[39m  [2m26 [22m[chromium] › tests/e2e/hero.spec.ts:305:7 › Hero portrait › TC-HERO-12: the poster is eager, AVIF, correctly named, and never faded in[2m (1.3s)[22m
  [32m✓[39m  [2m25 [22m[chromium] › tests/e2e/hero.spec.ts:140:7 › Hero › TC-HERO-12: at 390×844 the three caliper jaws align and an action sits in the first screen[2m (2.9s)[22m
  [32m✓[39m  [2m27 [22m[chromium] › tests/e2e/hero.spec.ts:360:7 › Hero portrait › TC-HERO-13: the loop is silent, deferred, and starts only through the gate[2m (4.8s)[22m
  [32m✓[39m  [2m28 [22m[chromium] › tests/e2e/hero.spec.ts:438:7 › Hero portrait › TC-HERO-14: reduced motion is poster only — no source, no request, no button[2m (5.6s)[22m
  [32m✓[39m  [2m29 [22m[chromium] › tests/e2e/hero.spec.ts:475:7 › Hero portrait › TC-HERO-15: the crossfade moves nothing — the figure box holds and CLS stays under budget[2m (2.6s)[22m
  [32m✓[39m  [2m30 [22m[chromium] › tests/e2e/hero.spec.ts:519:7 › Hero portrait › TC-HERO-16: a failed loop leaves the poster in place and throws nothing[2m (4.7s)[22m
  [32m✓[39m  [2m31 [22m[chromium] › tests/e2e/hero.spec.ts:544:7 › Hero portrait › TC-HERO-17: the pause button is keyboard-operable and its focus ring is achromatic[2m (3.7s)[22m
  [32m✓[39m  [2m32 [22m[chromium] › tests/e2e/hero.spec.ts:602:7 › Hero portrait › TC-HERO-18: both layers are grayscale and nothing in the figure is chromatic[2m (4.0s)[22m
  [32m✓[39m  [2m33 [22m[chromium] › tests/e2e/hero.spec.ts:623:7 › Hero portrait › TC-HERO-19: eager image weight ≤ 500 kB and the loop is fetched only after load[2m (4.5s)[22m
Hero LCP: H1 at 1104 ms
  [32m✓[39m  [2m34 [22m[chromium] › tests/e2e/hero.spec.ts:656:7 › Hero portrait › TC-HERO-20: the LCP element is the poster or the h1, inside 2.5 s, at 1280×720[2m (4.5s)[22m
  [32m✓[39m  [2m36 [22m[chromium] › tests/e2e/navigation.spec.ts:32:7 › E2E: Navigation › TC-NAV-01: Logo renders with correct text[2m (1.3s)[22m
  [32m✓[39m  [2m35 [22m[chromium] › tests/e2e/hero.spec.ts:682:9 › Hero portrait › at 390×844 › TC-HERO-21: below 720 px the portrait is an 88 px poster stamp with no video[2m (5.2s)[22m
  [32m✓[39m  [2m37 [22m[chromium] › tests/e2e/navigation.spec.ts:39:7 › E2E: Navigation › TC-NAV-02: Menu toggle renders, and the CV action defers to the hero then returns[2m (2.6s)[22m
  [32m✓[39m  [2m38 [22m[chromium] › tests/e2e/navigation.spec.ts:60:7 › E2E: Navigation › TC-NAV-03: Nav overlay opens on toggle click[2m (2.6s)[22m
  [32m✓[39m  [2m40 [22m[chromium] › tests/e2e/navigation.spec.ts:118:7 › E2E: Navigation › TC-NAV-05: Nav overlay closes on Escape key[2m (3.1s)[22m
  [32m✓[39m  [2m39 [22m[chromium] › tests/e2e/navigation.spec.ts:68:7 › E2E: Navigation › TC-NAV-04: Every in-page nav anchor resolves to a section that exists[2m (3.8s)[22m
  [32m✓[39m  [2m42 [22m[chromium] › tests/e2e/navigation.spec.ts:142:7 › E2E: Navigation › TC-NAV-07: Sticky nav — nav and wordmark survive scrolling and frost[2m (4.0s)[22m
  [32m✓[39m  [2m41 [22m[chromium] › tests/e2e/navigation.spec.ts:128:7 › E2E: Navigation › TC-NAV-06: Clicking a nav link scrolls to the correct section[2m (4.9s)[22m

=== CTA-01 @ 390x844 (phone) === 1 visible CV control(s)
  Hero_secondaryAction__jCqGE "Download CV" (213, 775) 153x48 visibility=visible display=flex
  [32m✓[39m  [2m43 [22m[chromium] › tests/e2e/navigation.spec.ts:152:7 › E2E: Navigation › TC-NAV-08: Logo click scrolls to top[2m (3.7s)[22m
  [32m✓[39m  [2m44 [22m[chromium] › tests/overhaul/cta-duplication.spec.ts:78:9 › ADV-4 — one CV control in the first screen › CTA-01 @ 390x844 (phone): exactly one visible CV control at scroll top[2m (2.9s)[22m

=== CTA-01 @ 834x1112 (tablet) === 1 visible CV control(s)
  Hero_secondaryAction__jCqGE "Download CV" (242, 1016) 156x48 visibility=visible display=flex
  [32m✓[39m  [2m45 [22m[chromium] › tests/overhaul/cta-duplication.spec.ts:78:9 › ADV-4 — one CV control in the first screen › CTA-01 @ 834x1112 (tablet): exactly one visible CV control at scroll top[2m (4.5s)[22m

=== CTA-01 @ 1280x800 (laptop) === 1 visible CV control(s)
  Hero_secondaryAction__jCqGE "Download CV" (265, 661) 156x48 visibility=visible display=flex
  [32m✓[39m  [2m46 [22m[chromium] › tests/overhaul/cta-duplication.spec.ts:78:9 › ADV-4 — one CV control in the first screen › CTA-01 @ 1280x800 (laptop): exactly one visible CV control at scroll top[2m (5.1s)[22m

=== CTA-01 @ 1440x900 (laptop) === 1 visible CV control(s)
  Hero_secondaryAction__jCqGE "Download CV" (297, 756) 156x48 visibility=visible display=flex
  [32m✓[39m  [2m47 [22m[chromium] › tests/overhaul/cta-duplication.spec.ts:78:9 › ADV-4 — one CV control in the first screen › CTA-01 @ 1440x900 (laptop): exactly one visible CV control at scroll top[2m (3.7s)[22m

=== CTA-01 @ 1920x1080 (desktop) === 1 visible CV control(s)
  Hero_secondaryAction__jCqGE "Download CV" (537, 834) 156x48 visibility=visible display=flex
  [32m✓[39m  [2m48 [22m[chromium] › tests/overhaul/cta-duplication.spec.ts:78:9 › ADV-4 — one CV control in the first screen › CTA-01 @ 1920x1080 (desktop): exactly one visible CV control at scroll top[2m (4.8s)[22m

=== CTA-02 restored nav pill === {"visibility":"visible","opacity":"1","borderStyle":"solid"}
  [32m✓[39m  [2m49 [22m[chromium] › tests/overhaul/cta-duplication.spec.ts:100:7 › ADV-4 — one CV control in the first screen › CTA-02: the nav pill returns once the reader leaves the hero[2m (3.8s)[22m
  [32m✓[39m  [2m50 [22m[chromium] › tests/overhaul/cta-duplication.spec.ts:133:7 › ADV-4 — one CV control in the first screen › CTA-03: the closed overlay is out of the hit-test tree entirely[2m (3.4s)[22m
  [32m✓[39m  [2m51 [22m[chromium] › tests/overhaul/scene-listen.spec.ts:82:7 › TC-SCENE-LISTEN: the instrument is set down in a field of light › TC-SCENE-LISTEN-02: the canvas is aria-hidden, behind the heading and behind the caliper[2m (9.0s)[22m
  [32m✓[39m  [2m52 [22m[chromium] › tests/overhaul/scene-listen.spec.ts:68:7 › TC-SCENE-LISTEN: the instrument is set down in a field of light › TC-SCENE-LISTEN-01: exactly one canvas mounts in #listen once the section is in view[2m (9.6s)[22m
  [32m✓[39m  [2m54 [22m[chromium] › tests/overhaul/scene-listen.spec.ts:130:7 › TC-SCENE-LISTEN: the instrument is set down in a field of light › TC-SCENE-LISTEN-04: under reduced motion there is no canvas and the caliper is drawn closed[2m (4.8s)[22m
  [32m✓[39m  [2m53 [22m[chromium] › tests/overhaul/scene-listen.spec.ts:111:7 › TC-SCENE-LISTEN: the instrument is set down in a field of light › TC-SCENE-LISTEN-03: the field is bound to the caliper beat, not a clock of its own[2m (7.6s)[22m
  [32m✓[39m  [2m56 [22m[chromium] › tests/overhaul/scene-listen.spec.ts:181:7 › TC-SCENE-LISTEN: the instrument is set down in a field of light › TC-SCENE-LISTEN-06: the field is monochrome, palette-sourced and cheap per pixel[2m (29ms)[22m
  [32m✓[39m  [2m55 [22m[chromium] › tests/overhaul/scene-listen.spec.ts:151:7 › TC-SCENE-LISTEN: the instrument is set down in a field of light › TC-SCENE-LISTEN-05: with WebGL unavailable the closing screen is whole and silent[2m (3.4s)[22m

[32m  56 passed[39m[2m (1.7m)[22m
