
=== 1440x900 — C-02 ===
heading.left=96  card01.left=96  |delta|=0.00  borderLeftWidth=1px
eyebrow.left=null
mask-image=linear-gradient(to right, rgba(0, 0, 0, 0) 0px, rgb(0, 0, 0) 72px, rgb(0, 0, 0) calc(100% - 64px), rgba(0, 0, 0, 0) 100%
lit at first paint=[0]  drawn=[0]  unlit opacity=0.62
rail scrollWidth=3192 clientWidth=1440  doc.scrollWidth=1440
after scrollBy(600): lit=[2] (count 1)
lit plate 0: 26 svg shapes, distinct stroke-dashoffset after >900ms = ["0px"]

=== 1920x1080 — C-02 ===
heading.left=336  card01.left=336  |delta|=0.00  borderLeftWidth=1px
eyebrow.left=null
mask-image=linear-gradient(to right, rgba(0, 0, 0, 0) 0px, rgb(0, 0, 0) 80px, rgb(0, 0, 0) calc(100% - 64px), rgba(0, 0, 0, 0) 100%
lit at first paint=[0]  drawn=[0]  unlit opacity=0.62
rail scrollWidth=3672 clientWidth=1920  doc.scrollWidth=1920
after scrollBy(600): lit=[2] (count 1)
lit plate 0: 26 svg shapes, distinct stroke-dashoffset after >900ms = ["0px"]

=== 1280x800 — C-02 ===
heading.left=64  card01.left=64  |delta|=0.00  borderLeftWidth=1px
eyebrow.left=null
mask-image=linear-gradient(to right, rgba(0, 0, 0, 0) 0px, rgb(0, 0, 0) 64px, rgb(0, 0, 0) calc(100% - 64px), rgba(0, 0, 0, 0) 100%
lit at first paint=[0]  drawn=[0]  unlit opacity=0.62
rail scrollWidth=3128 clientWidth=1280  doc.scrollWidth=1280
after scrollBy(600): lit=[2] (count 1)
lit plate 0: 26 svg shapes, distinct stroke-dashoffset after >900ms = ["0px"]

=== 390x844 — C-02 ===
heading.left=24  card01.left=24  |delta|=0.00  borderLeftWidth=1px
eyebrow.left=null
mask-image=linear-gradient(to right, rgba(0, 0, 0, 0) 0px, rgb(0, 0, 0) 24px, rgb(0, 0, 0) calc(100% - 64px), rgba(0, 0, 0, 0) 100%
lit at first paint=[0]  drawn=[0]  unlit opacity=0.62
rail scrollWidth=2140 clientWidth=390  doc.scrollWidth=390
after scrollBy(600): lit=[2] (count 1)
lit plate 0: 26 svg shapes, distinct stroke-dashoffset after >900ms = ["0px"]

=== reduced-motion @1440, sampled at t=100ms ===
matchMedia reduce=true  lit plate=0  shapes=26
stroke-dashoffset=["0px"]  animation-name=["none"]  transition-duration=["0s"]

=== 390x844 — C-06 / TC-HERO-12 ===
document.documentElement.scrollWidth=390 (innerWidth 390)
h1 rect={"l":24,"t":149.25,"r":366,"b":250.03,"w":342,"h":100.78}  text="Vikram Deshpande"  line boxes=2
portrait rect={"l":278,"t":96,"r":366,"b":184,"w":88,"h":88}
lede rect={"l":24,"t":335.28,"r":366,"b":462,"w":342,"h":126.72}
caption right=323.17 (limit 366) top=503.67 "ATO Payday Super · 200+ SIT scenarios"
caption right=350.08 (limit 366) top=589.77 "ANZ · 5+ squads, up to 40 practitioners"
caption right=339.06 (limit 366) top=655.72 "ANZ · real-time telemetry platform"
action "See the evidence" page-bottom=797.28 (fold 844)
action "Download CV" page-bottom=797.28 (fold 844)
worst hero action bottom (page y) = 797.28 → clearance 46.72 px
max caption right = 350.08

=== 1440x900 — C-06 second half (.figureNote box heights) ===
no .figureNote elements present in the rendered hero
footnote=null

=== #vitrine non-achromatic (gold) computed colours @1440 ===
count=13
  A.Vitrine_live__PwDxH color=rgb(201, 168, 76) href=https://aether.srv1356245.hstgr.cloud text="aether.srv1356245.hstgr.cloud"
  A.Vitrine_live__PwDxH borderTopColor=rgb(201, 168, 76) href=https://aether.srv1356245.hstgr.cloud text="aether.srv1356245.hstgr.cloud"
  A.Vitrine_live__PwDxH borderRightColor=rgb(201, 168, 76) href=https://aether.srv1356245.hstgr.cloud text="aether.srv1356245.hstgr.cloud"
  A.Vitrine_live__PwDxH borderBottomColor=rgba(201, 168, 76, 0.13) href=https://aether.srv1356245.hstgr.cloud text="aether.srv1356245.hstgr.cloud"
  A.Vitrine_live__PwDxH borderLeftColor=rgb(201, 168, 76) href=https://aether.srv1356245.hstgr.cloud text="aether.srv1356245.hstgr.cloud"
  A.Vitrine_live__PwDxH color=rgb(232, 213, 163) href=https://abentertainment.com.au text="abentertainment.com.au"
  A.Vitrine_live__PwDxH borderTopColor=rgb(232, 213, 163) href=https://abentertainment.com.au text="abentertainment.com.au"
  A.Vitrine_live__PwDxH borderRightColor=rgb(232, 213, 163) href=https://abentertainment.com.au text="abentertainment.com.au"
  A.Vitrine_live__PwDxH borderLeftColor=rgb(232, 213, 163) href=https://abentertainment.com.au text="abentertainment.com.au"
  A.Vitrine_live__PwDxH color=rgb(232, 213, 163) href=https://forgotten-mistory.web.app text="forgotten-mistory.web.app"
  A.Vitrine_live__PwDxH borderTopColor=rgb(232, 213, 163) href=https://forgotten-mistory.web.app text="forgotten-mistory.web.app"
  A.Vitrine_live__PwDxH borderRightColor=rgb(232, 213, 163) href=https://forgotten-mistory.web.app text="forgotten-mistory.web.app"
  A.Vitrine_live__PwDxH borderLeftColor=rgb(232, 213, 163) href=https://forgotten-mistory.web.app text="forgotten-mistory.web.app"

=== occlusion probe @390 for #role-body-ato li:nth-of-type(1) ===
{
 "liRect": {
  "l": 24,
  "t": 332.9,
  "r": 366,
  "bo": 510.3
 },
 "liColor": "rgb(205, 205, 205)",
 "launcherRect": {
  "l": 302,
  "t": 756,
  "r": 366,
  "bo": 820
 },
 "launcherZ": "10030",
 "launcherPos": "fixed",
 "pts": [
  {
   "x": 58,
   "y": 422,
   "stack": [
    "li",
    "ul.Experience_bullets__MDbij",
    "div.Experience_roleBody__0kqlc"
   ]
  },
  {
   "x": 92,
   "y": 422,
   "stack": [
    "li",
    "ul.Experience_bullets__MDbij",
    "div.Experience_roleBody__0kqlc"
   ]
  },
  {
   "x": 127,
   "y": 422,
   "stack": [
    "li",
    "ul.Experience_bullets__MDbij",
    "div.Experience_roleBody__0kqlc"
   ]
  },
  {
   "x": 161,
   "y": 422,
   "stack": [
    "li",
    "ul.Experience_bullets__MDbij",
    "div.Experience_roleBody__0kqlc"
   ]
  },
  {
   "x": 195,
   "y": 422,
   "stack": [
    "li",
    "ul.Experience_bullets__MDbij",
    "div.Experience_roleBody__0kqlc"
   ]
  },
  {
   "x": 229,
   "y": 422,
   "stack": [
    "li",
    "ul.Experience_bullets__MDbij",
    "div.Experience_roleBody__0kqlc"
   ]
  },
  {
   "x": 263,
   "y": 422,
   "stack": [
    "li",
    "ul.Experience_bullets__MDbij",
    "div.Experience_roleBody__0kqlc"
   ]
  },
  {
   "x": 298,
   "y": 422,
   "stack": [
    "li",
    "ul.Experience_bullets__MDbij",
    "div.Experience_roleBody__0kqlc"
   ]
  },
  {
   "x": 332,
   "y": 422,
   "stack": [
    "li",
    "ul.Experience_bullets__MDbij",
    "div.Experience_roleBody__0kqlc"
   ]
  }
 ]
}
