npm notice run forgotten-mistory@2.0.0 npx
npm notice run 'playwright' test tests/monochrome/gold-semantics.spec.ts --reporter=line

[2mRunning [22m5[2m tests using [22m2[2m workers[22m

[1A[2K[1/5] [chromium] › tests/monochrome/gold-semantics.spec.ts:75:7 › R-21 / R-110 — gold means "this figure has a source" › GS-01: the MiniVic liveness dot is not gold
[1A[2K[2/5] [chromium] › tests/monochrome/gold-semantics.spec.ts:130:7 › R-21 / R-110 — gold means "this figure has a source" › GS-02 @ 390x844 (phone): at most one saturated gold mark shares a viewport in the vitrine
[1A[2K[2m[chromium] › tests/monochrome/gold-semantics.spec.ts:75:7 › R-21 / R-110 — gold means "this figure has a source" › GS-01: the MiniVic liveness dot is not gold[22m

=== GS-01 MiniVic liveness dot === {"background":"rgb(244, 246, 250)","color":"oklab(0.999994 0.0000455678 0.0000200868 / 0.9)","borderColor":"oklab(0.999994 0.0000455678 0.0000200868 / 0.9)","width":"6px","height":"6px"}

[1A[2K[2m[chromium] › tests/monochrome/gold-semantics.spec.ts:130:7 › R-21 / R-110 — gold means "this figure has a source" › GS-02 @ 390x844 (phone): at most one saturated gold mark shares a viewport in the vitrine[22m

=== GS-02 @ 390x844 (phone) — saturated gold marks sharing the vitrine viewport === 1

[1A[2K  a.Vitrine_live__PwDxH "aether.srv1356245.hstgr.cloud" via color: rgb(201, 168, 76)

[1A[2K[3/5] [chromium] › tests/monochrome/gold-semantics.spec.ts:130:7 › R-21 / R-110 — gold means "this figure has a source" › GS-02 @ 768x1024 (tablet): at most one saturated gold mark shares a viewport in the vitrine
[1A[2K[4/5] [chromium] › tests/monochrome/gold-semantics.spec.ts:130:7 › R-21 / R-110 — gold means "this figure has a source" › GS-02 @ 1280x720 (laptop): at most one saturated gold mark shares a viewport in the vitrine
[1A[2K[2m[chromium] › tests/monochrome/gold-semantics.spec.ts:130:7 › R-21 / R-110 — gold means "this figure has a source" › GS-02 @ 768x1024 (tablet): at most one saturated gold mark shares a viewport in the vitrine[22m

=== GS-02 @ 768x1024 (tablet) — saturated gold marks sharing the vitrine viewport === 1

[1A[2K  a.Vitrine_live__PwDxH "aether.srv1356245.hstgr.cloud" via color: rgb(201, 168, 76)

[1A[2K[2m[chromium] › tests/monochrome/gold-semantics.spec.ts:130:7 › R-21 / R-110 — gold means "this figure has a source" › GS-02 @ 1280x720 (laptop): at most one saturated gold mark shares a viewport in the vitrine[22m

=== GS-02 @ 1280x720 (laptop) — saturated gold marks sharing the vitrine viewport === 1

[1A[2K  a.Vitrine_live__PwDxH "abentertainment.com.au" via color: rgb(201, 168, 76)

[1A[2K[5/5] [chromium] › tests/monochrome/gold-semantics.spec.ts:130:7 › R-21 / R-110 — gold means "this figure has a source" › GS-02 @ 1920x1080 (desktop): at most one saturated gold mark shares a viewport in the vitrine
[1A[2K[2m[chromium] › tests/monochrome/gold-semantics.spec.ts:130:7 › R-21 / R-110 — gold means "this figure has a source" › GS-02 @ 1920x1080 (desktop): at most one saturated gold mark shares a viewport in the vitrine[22m

=== GS-02 @ 1920x1080 (desktop) — saturated gold marks sharing the vitrine viewport === 1

[1A[2K  a.Vitrine_live__PwDxH "abentertainment.com.au" via color: rgb(201, 168, 76)

[1A[2K[32m  5 passed[39m[2m (9.2s)[22m
