gl 1440 hero-atmosphere: canvas=1 store={"bw":720,"bh":664,"cssW":1440,"cssH":1328.88,"styleW":"1440px","styleH":"1328.88px","dpr":1} cov=0.4609 peak=0.8308 motion=0.02857 pass=true
gl 1440 about-field: canvas=1 store={"bw":192,"bh":192,"cssW":384,"cssH":384,"styleW":"384px","styleH":"384px","dpr":1} cov=0.4678 peak=0.8308 motion=0.01676 pass=true
gl 1440 career-strata: canvas=1 store={"bw":648,"bh":268,"cssW":1297.91,"cssH":536.33,"styleW":"1297.91px","styleH":"536.328px","dpr":1} cov=0.283 peak=0.8308 motion=0.03718 pass=true
gl 1440 skills-bench: canvas=1 store={"bw":1248,"bh":579,"cssW":1248,"cssH":579.81,"styleW":"1248px","styleH":"579.812px","dpr":1} cov=0.3506 peak=0.5457 motion=0.00904 pass=true
gl 1440 vitrine-field: canvas=1 store={"bw":1296,"bh":759,"cssW":1296,"cssH":759.42,"styleW":"1296px","styleH":"759.422px","dpr":1} cov=0.2268 peak=0.3968 motion=0.01199 pass=true
gl 1440 listen-field: canvas=1 store={"bw":1440,"bh":912,"cssW":1440,"cssH":912.91,"styleW":"1440px","styleH":"912.906px","dpr":1} cov=0.2207 peak=0.5271 motion=0.00511 pass=true
gl 1440 AA: nodes=134 below=0 err=0
gl 390 hero-atmosphere: canvas=1 store={"bw":195,"bh":744,"cssW":390,"cssH":1489.95,"styleW":"390px","styleH":"1489.95px","dpr":1} cov=1 peak=0.7454 motion=0.08635 pass=true
gl 390 about-field: canvas=1 store={"bw":112,"bh":112,"cssW":224,"cssH":224,"styleW":"224px","styleH":"224px","dpr":1} cov=0.4597 peak=0.4508 motion=0.01252 pass=true
gl 390 career-strata: canvas=1 store={"bw":177,"bh":330,"cssW":355.66,"cssH":660.97,"styleW":"355.656px","styleH":"660.969px","dpr":1} cov=0.4058 peak=0.8308 motion=0.04547 pass=true
gl 390 skills-bench: canvas=1 store={"bw":342,"bh":152,"cssW":342,"cssH":152,"styleW":"342px","styleH":"152px","dpr":1} cov=0.4507 peak=0.6514 motion=0.0072 pass=true
gl 390 vitrine-field: canvas=1 store={"bw":342,"bh":745,"cssW":342,"cssH":745.97,"styleW":"342px","styleH":"745.969px","dpr":1} cov=0.6798 peak=0.3325 motion=0.01778 pass=false
gl 390 listen-field: canvas=1 store={"bw":390,"bh":1006,"cssW":390,"cssH":1006.13,"styleW":"390px","styleH":"1006.12px","dpr":1} cov=0.3381 peak=0.4072 motion=0.01148 pass=true
gl 390 AA: nodes=126 below=0 err=0
still 1440 hero-atmosphere: canvas=0 cov=0.4261 mean=0.0969 pass=true
still 1440 about-field: canvas=0 cov=0.3559 mean=0.0342 pass=true
still 1440 career-strata: canvas=0 cov=0.041 mean=0.0113 pass=false
still 1440 AA: nodes=134 below=0 err=0
still 390 hero-atmosphere: canvas=0 cov=0.9073 mean=0.0927 pass=true
still 390 about-field: canvas=0 cov=0.3636 mean=0.0351 pass=true
still 390 career-strata: canvas=0 cov=0.0418 mean=0.0121 pass=false
still 390 AA: nodes=126 below=0 err=0
poster: canvases=0 mean=0.1104 peak=1 first=url("https://forgotten-mistory.web.app/assets/hero-atmosphere-poster.avif")
done
