{
 "load": 1728,
 "canvases": [
  {
   "section": "hero",
   "w": 1440,
   "h": 955,
   "cssW": 1440,
   "cssH": 956,
   "ctxWebGL": true
  }
 ],
 "svgs": [
  {
   "id": "hero",
   "svg": 1,
   "animatedEls": 13,
   "h": 956
  },
  {
   "id": "about",
   "svg": 1,
   "animatedEls": 44,
   "h": 2378
  },
  {
   "id": "experience",
   "svg": 0,
   "animatedEls": 24,
   "h": 2968
  },
  {
   "id": "skills",
   "svg": 1,
   "animatedEls": 54,
   "h": 3086
  },
  {
   "id": "vitrine",
   "svg": 6,
   "animatedEls": 15,
   "h": 1368
  },
  {
   "id": "listen",
   "svg": 1,
   "animatedEls": 4,
   "h": 937
  }
 ],
 "errs": 0,
 "pageErrs": [],
 "about": 10,
 "exp": 54,
 "rail": {
  "tag": "OL",
  "cls": "Vitrine_rail__UCX1h",
  "scrollWidth": 3144,
  "clientWidth": 1440,
  "snap": "x mandatory"
 },
 "mv": true,
 "noGl": {
  "canvases": 0,
  "text": "MELBOURNE, AUSTRALIA\n\nVikram Deshpande\n\nDelivery leadership · AI solutions architecture\n\nSixteen years leading delivery across government, banking and telecommunications — currently Scrum Master and P",
  "fallbackEls": 0
 }
}
