
=== Deploying to 'forgotten-mistory'...

i  deploying functions
i  functions: preparing codebase tts for deployment
i  functions: ensuring required API cloudfunctions.googleapis.com is enabled...
i  functions: ensuring required API cloudbuild.googleapis.com is enabled...
i  artifactregistry: ensuring required API artifactregistry.googleapis.com is enabled...
⚠  functions: Runtime Node.js 20 was deprecated on 2026-04-30 and will be decommissioned on 2026-10-30, after which you will not be able to deploy without upgrading. Consider upgrading now to avoid disruption. See https://cloud.google.com/functions/docs/runtime-support for full details on the lifecycle policy
i  functions: Loading and analyzing source code for codebase tts to determine what to deploy
Serving at port 8486

i  extensions: ensuring required API firebaseextensions.googleapis.com is enabled...
i  functions: preparing functions directory for uploading...
i  functions: packaged /root/forgotten-mistory/functions (44.43 KB) for uploading
i  functions: ensuring required API run.googleapis.com is enabled...
i  functions: ensuring required API eventarc.googleapis.com is enabled...
i  functions: ensuring required API pubsub.googleapis.com is enabled...
i  functions: ensuring required API storage.googleapis.com is enabled...
i  functions: generating the service identity for pubsub.googleapis.com...
i  functions: generating the service identity for eventarc.googleapis.com...
i  functions: ensuring required API secretmanager.googleapis.com is enabled...
✔  functions: functions source uploaded successfully
i  functions: updating Node.js 20 (2nd Gen) function tts:minivicChat(us-central1)...
✔  functions[tts:minivicChat(us-central1)] Successful update operation.
Function URL (tts:minivicChat(us-central1)): https://minivicchat-hjdyjsrzvq-uc.a.run.app

✔  Deploy complete!

Project Console: https://console.firebase.google.com/project/forgotten-mistory/overview
