total 964
drwxr-xr-x   2 root root    340 Sep  6 01:22 .
drwxrwxrwt 131 root root   9140 Sep  6 01:22 ..
-rw-r--r--   1 root root 173917 Sep  6 01:22 __next_static_chunks_255-f7c4c205ddd80098.js
-rw-r--r--   1 root root   6851 Sep  6 01:22 __next_static_chunks_384-8d185df4be0fc8ea.js
-rw-r--r--   1 root root 125526 Sep  6 01:22 __next_static_chunks_473-0f239c07765eafe7.js
-rw-r--r--   1 root root 173019 Sep  6 01:22 __next_static_chunks_4bd1b696-c023c6e3521b1417.js
-rw-r--r--   1 root root 102726 Sep  6 01:22 __next_static_chunks_611-69b58c720540e0bd.js
-rw-r--r--   1 root root   8537 Sep  6 01:22 __next_static_chunks_619-ba102abea3e3d0e4.js
-rw-r--r--   1 root root  12237 Sep  6 01:22 __next_static_chunks_app_error-d63fa7c39730a159.js
-rw-r--r--   1 root root  10566 Sep  6 01:22 __next_static_chunks_app_layout-1b51341fc42a265a.js
-rw-r--r--   1 root root  11640 Sep  6 01:22 __next_static_chunks_app_not-found-17324926f4d483cf.js
-rw-r--r--   1 root root  89296 Sep  6 01:22 __next_static_chunks_app_page-c3491dcce7401443.js
-rw-r--r--   1 root root    557 Sep  6 01:22 __next_static_chunks_main-app-33df7fcc3f52f0e3.js
-rw-r--r--   1 root root 112594 Sep  6 01:22 __next_static_chunks_polyfills-42372ed130431b0a.js
-rw-r--r--   1 root root   3769 Sep  6 01:22 __next_static_chunks_webpack-69c04e108a08b29f.js
-rw-r--r--   1 root root    633 Sep  6 01:22 chunks.txt
-rw-r--r--   1 root root 126082 Sep  6 01:22 index.html
### files:
__next_static_chunks_255-f7c4c205ddd80098.js
__next_static_chunks_384-8d185df4be0fc8ea.js
__next_static_chunks_473-0f239c07765eafe7.js
__next_static_chunks_4bd1b696-c023c6e3521b1417.js
__next_static_chunks_611-69b58c720540e0bd.js
__next_static_chunks_619-ba102abea3e3d0e4.js
__next_static_chunks_app_error-d63fa7c39730a159.js
__next_static_chunks_app_layout-1b51341fc42a265a.js
__next_static_chunks_app_not-found-17324926f4d483cf.js
__next_static_chunks_app_page-c3491dcce7401443.js
__next_static_chunks_main-app-33df7fcc3f52f0e3.js
__next_static_chunks_polyfills-42372ed130431b0a.js
__next_static_chunks_webpack-69c04e108a08b29f.js
chunks.txt
index.html
### file count: 26

############ FORBIDDEN liveness claims ############
MiniVic Live           : ABSENT
MINIVIC LIVE           : ABSENT
MiniVic live           : ABSENT

############ REQUIRED new strings ############
MiniVic · synthetic                   : ABSENT
A synthetic stand-in for Vikram        : PRESENT in __next_static_chunks_611-69b58c720540e0bd.js 
Voice: ElevenLabs stock                : PRESENT in __next_static_chunks_611-69b58c720540e0bd.js 
Face: pre-rendered loop                : PRESENT in __next_static_chunks_611-69b58c720540e0bd.js 
Answers: live text                     : ABSENT
offline knowledge base                 : PRESENT in __next_static_chunks_611-69b58c720540e0bd.js 
minivic-synthetic-label                : PRESENT in __next_static_chunks_611-69b58c720540e0bd.js 

############ truth-line context (verbatim) ############
[10px] uppercase tracking-[0.16em] text-white/45",children:"Voice: ElevenLabs stock \xb7 Face: pre-rendered loop \xb7 Answers: ".concat(null===J?"live text":"knowledge"===J||"fallback"===J?"offline knowledge base":"live text via ".concat(J))})]}),(0,r.jsx)("span",{className:"shrink-0 rounded-full borde

############ badge context ############

############ provider literals near truth line (hard-coded?) ############
t-white/45",children:"Voice: ElevenLabs stock \xb7 Face: pre-rendered loop \xb7 Answers: ".concat(null===J?"live text":"knowledge"===J||"fallback"===J?"offline knowledge base":"live text via ".concat(J))})]}),(0,r.jsx)("span",{className:"shrink-0 rounded-full border px-2.5 py-1 text-[10px

############ any remaining 'Live' claim inside MiniVic UI strings ############

############ warm ping + origin route ############
et a=new URL(String(e).trim()).origin;t.push({id:"origin",kind:"direct",sendUrl:"".concat(a,"/"),warmUrl:"".concat(a,"/?warm=1"),crossOrigin:!0})}return t.push({id:"hosting",kind:"rewrite",sendUrl:m,warmUrl:"".concat(m,"?warm=1"),crossOrigin:!1}),t}("https://minivicchat-hjdyjsrzvq-uc.a
warmUrl:"".concat(m,"?warm=1"),crossOrigin:!1}),t}("https://minivicchat-hjdyjsrzvq-uc.a.run.app");async function v(e,t,a,r){let n=new AbortController,i=setTimeout(()=>n.abort(),14e3),o="direct"===e.kind?setTimeout(()=>n.abort(),1500):null;try{var s,l;let i=await
t" content="ec53e2b4"/><link rel="preconnect" href="https://minivicchat-hjdyjsrzvq-uc.a.run.app" crossorigin="anonymous"/><title>Vikram Deshpande — Scrum Master / Project Manager · AI Solutions Architect</title><meta name="description" content="Scrum Master / Pr
\",\"link\",null,{\"rel\":\"preconnect\",\"href\":\"https://minivicchat-hjdyjsrzvq-uc.a.run.app\",\"crossOrigin\":\"anonymous\"}],[\"$\",\"script\",null,{\"type\":\"application/ld+json\",\"dangerouslySetInnerHTML\":{\"__html\":\"{\\\"@context\\\":\\\"https://sch
