
=== 1440x900 ===
closed launcher: {"box":{"l":1234,"t":812,"r":1416,"b":876},"ariaLabel":"Open Mini Vic assistant","innerText":"Ask Mini Vic","visibleText":["Ask Mini Vic"],"svgCount":0,"svgs":[],"videos":[{"currentSrc":"","srcAttr":null,"poster":null,"readyState":0}]}
open panel     : {"panel":{"l":984,"t":332,"r":1416,"b":812,"h":480},"h1Box":{"l":96,"t":183,"r":1344,"b":307},"glyphExtent":{"maxRight":1103,"maxBottom":325,"count":1},"glyphHits":[],"clearance":7}

=== 1366x768 ===
closed launcher: {"box":{"l":1160,"t":680,"r":1342,"b":744},"ariaLabel":"Open Mini Vic assistant","innerText":"Ask Mini Vic","visibleText":["Ask Mini Vic"],"svgCount":0,"svgs":[],"videos":[{"currentSrc":"","srcAttr":null,"poster":null,"readyState":0}]}
open panel     : {"panel":{"l":910,"t":200,"r":1342,"b":680,"h":480},"h1Box":{"l":68,"t":155,"r":1298,"b":272},"glyphExtent":{"maxRight":1024,"maxBottom":290,"count":1},"glyphHits":[{"l":68,"t":136,"r":1024,"b":290,"text":"Vikram Deshpande"}],"clearance":-90}

=== 1280x800 ===
closed launcher: {"box":{"l":1074,"t":712,"r":1256,"b":776},"ariaLabel":"Open Mini Vic assistant","innerText":"Ask Mini Vic","visibleText":["Ask Mini Vic"],"svgCount":0,"svgs":[],"videos":[{"currentSrc":"","srcAttr":null,"poster":null,"readyState":0}]}
open panel     : {"panel":{"l":824,"t":232,"r":1256,"b":712,"h":480},"h1Box":{"l":64,"t":174,"r":1216,"b":284},"glyphExtent":{"maxRight":959,"maxBottom":301,"count":1},"glyphHits":[{"l":64,"t":157,"r":959,"b":301,"text":"Vikram Deshpande"}],"clearance":-69}

=== 1024x768 ===
closed launcher: {"box":{"l":818,"t":680,"r":1000,"b":744},"ariaLabel":"Open Mini Vic assistant","innerText":"Ask Mini Vic","visibleText":["Ask Mini Vic"],"svgCount":0,"svgs":[],"videos":[{"currentSrc":"","srcAttr":null,"poster":null,"readyState":0}]}
open panel     : {"panel":{"l":568,"t":200,"r":1000,"b":680,"h":480},"h1Box":{"l":51,"t":170,"r":973,"b":258},"glyphExtent":{"maxRight":767,"maxBottom":271,"count":1},"glyphHits":[{"l":51,"t":156,"r":767,"b":271,"text":"Vikram Deshpande"}],"clearance":-71}

=== 834x1112 ===
closed launcher: {"box":{"l":628,"t":1024,"r":810,"b":1088},"ariaLabel":"Open Mini Vic assistant","innerText":"Ask Mini Vic","visibleText":["Ask Mini Vic"],"svgCount":0,"svgs":[],"videos":[{"currentSrc":"","srcAttr":null,"poster":null,"readyState":0}]}
open panel     : {"panel":{"l":378,"t":544,"r":810,"b":1024,"h":480},"h1Box":{"l":42,"t":217,"r":792,"b":288},"glyphExtent":{"maxRight":625,"maxBottom":299,"count":1},"glyphHits":[],"clearance":245}

=== 390x844 ===
closed launcher: {"box":{"l":322,"t":776,"r":366,"b":820},"ariaLabel":"Open Mini Vic assistant","innerText":"","visibleText":[],"svgCount":0,"svgs":[],"videos":[{"currentSrc":"","srcAttr":null,"poster":null,"readyState":0}]}
open panel     : {"panel":{"l":24,"t":296,"r":366,"b":776,"h":480},"h1Box":{"l":24,"t":149,"r":366,"b":250},"glyphExtent":{"maxRight":264,"maxBottom":258,"count":2},"glyphHits":[],"clearance":38}
 360  glyphBottom= 310  glyphRight= 264  boxBottom= 302  rects=2
 390  glyphBottom= 290  glyphRight= 264  boxBottom= 283  rects=2
 430  glyphBottom= 291  glyphRight= 264  boxBottom= 283  rects=2
 640  glyphBottom= 245  glyphRight= 480  boxBottom= 237  rects=1
 768  glyphBottom= 267  glyphRight= 576  boxBottom= 257  rects=1
 834  glyphBottom= 266  glyphRight= 625  boxBottom= 256  rects=1
 900  glyphBottom= 273  glyphRight= 675  boxBottom= 262  rects=1
1024  glyphBottom= 292  glyphRight= 767  boxBottom= 279  rects=1
1180  glyphBottom= 300  glyphRight= 884  boxBottom= 286  rects=1
1280  glyphBottom= 311  glyphRight= 959  boxBottom= 294  rects=1
1366  glyphBottom= 319  glyphRight=1024  boxBottom= 301  rects=1
1440  glyphBottom= 327  glyphRight=1103  boxBottom= 309  rects=1
1512  glyphBottom= 329  glyphRight=1156  boxBottom= 310  rects=1
1600  glyphBottom= 330  glyphRight=1200  boxBottom= 311  rects=1
1728  glyphBottom= 330  glyphRight=1264  boxBottom= 311  rects=1
1920  glyphBottom= 328  glyphRight=1360  boxBottom= 309  rects=1
MAX glyphBottom across widths: [33m330[39m
390x640  glyphBottom= 251  as %vh=39.2  vh-88-gb-16=285
390x700  glyphBottom= 265  as %vh=37.9  vh-88-gb-16=331
390x768  glyphBottom= 255  as %vh=33.2  vh-88-gb-16=409
390x800  glyphBottom= 264  as %vh=33.0  vh-88-gb-16=432
390x900  glyphBottom= 291  as %vh=32.3  vh-88-gb-16=505
390x1000  glyphBottom= 313  as %vh=31.3  vh-88-gb-16=583
390x1080  glyphBottom= 356  as %vh=33.0  vh-88-gb-16=620
390x1200  glyphBottom= 417  as %vh=34.8  vh-88-gb-16=679
390x1400  glyphBottom= 517  as %vh=36.9  vh-88-gb-16=779
1280x640  glyphBottom= 270  as %vh=42.2  vh-88-gb-16=266
1280x700  glyphBottom= 275  as %vh=39.3  vh-88-gb-16=321
1280x768  glyphBottom= 286  as %vh=37.2  vh-88-gb-16=378
1280x800  glyphBottom= 305  as %vh=38.1  vh-88-gb-16=391
1280x900  glyphBottom= 314  as %vh=34.9  vh-88-gb-16=482
1280x1000  glyphBottom= 337  as %vh=33.7  vh-88-gb-16=559
1280x1080  glyphBottom= 368  as %vh=34.1  vh-88-gb-16=608
1280x1200  glyphBottom= 427  as %vh=35.6  vh-88-gb-16=669
1280x1400  glyphBottom= 527  as %vh=37.6  vh-88-gb-16=769
1366x640  glyphBottom= 281  as %vh=43.9  vh-88-gb-16=255
1366x700  glyphBottom= 282  as %vh=40.3  vh-88-gb-16=314
1366x768  glyphBottom= 290  as %vh=37.8  vh-88-gb-16=374
1366x800  glyphBottom= 307  as %vh=38.4  vh-88-gb-16=389
1366x900  glyphBottom= 320  as %vh=35.6  vh-88-gb-16=476
1366x1000  glyphBottom= 340  as %vh=34.0  vh-88-gb-16=556
1366x1080  glyphBottom= 375  as %vh=34.7  vh-88-gb-16=601
1366x1200  glyphBottom= 432  as %vh=36.0  vh-88-gb-16=664
1366x1400  glyphBottom= 533  as %vh=38.1  vh-88-gb-16=763
1440x640  glyphBottom= 287  as %vh=44.8  vh-88-gb-16=249
1440x700  glyphBottom= 290  as %vh=41.4  vh-88-gb-16=306
1440x768  glyphBottom= 294  as %vh=38.3  vh-88-gb-16=370
1440x800  glyphBottom= 312  as %vh=39.0  vh-88-gb-16=384
1440x900  glyphBottom= 325  as %vh=36.1  vh-88-gb-16=471
1440x1000  glyphBottom= 345  as %vh=34.5  vh-88-gb-16=551
1440x1080  glyphBottom= 379  as %vh=35.1  vh-88-gb-16=597
1440x1200  glyphBottom= 438  as %vh=36.5  vh-88-gb-16=658
1440x1400  glyphBottom= 539  as %vh=38.5  vh-88-gb-16=757
1920x640  glyphBottom= 288  as %vh=45.0  vh-88-gb-16=248
1920x700  glyphBottom= 292  as %vh=41.7  vh-88-gb-16=304
1920x768  glyphBottom= 293  as %vh=38.2  vh-88-gb-16=371
1920x800  glyphBottom= 296  as %vh=37.0  vh-88-gb-16=400
1920x900  glyphBottom= 330  as %vh=36.7  vh-88-gb-16=466
1920x1000  glyphBottom= 347  as %vh=34.7  vh-88-gb-16=549
1920x1080  glyphBottom= 380  as %vh=35.2  vh-88-gb-16=596
1920x1200  glyphBottom= 440  as %vh=36.7  vh-88-gb-16=656
1920x1400  glyphBottom= 538  as %vh=38.4  vh-88-gb-16=758

=== 1440x900 ===
closed launcher: {"box":{"l":1234,"t":812,"r":1416,"b":876},"ariaLabel":"Ask Mini Vic — Vikram's AI clone","innerText":"Ask Mini Vic","visibleText":["Ask Mini Vic"],"svgCount":1,"svgs":[{"w":24,"h":24,"fill":"rgb(246, 246, 246)"}],"videos":[]}
open panel     : {"panel":{"l":984,"t":352,"r":1416,"b":812,"h":460},"h1Box":{"l":96,"t":183,"r":1344,"b":307},"glyphExtent":{"maxRight":1103,"maxBottom":325,"count":1},"glyphHits":[],"clearance":27}

=== 1366x768 ===
closed launcher: {"box":{"l":1160,"t":680,"r":1342,"b":744},"ariaLabel":"Ask Mini Vic — Vikram's AI clone","innerText":"Ask Mini Vic","visibleText":["Ask Mini Vic"],"svgCount":1,"svgs":[{"w":24,"h":24,"fill":"rgb(246, 246, 246)"}],"videos":[]}
open panel     : {"panel":{"l":910,"t":352,"r":1342,"b":680,"h":328},"h1Box":{"l":68,"t":155,"r":1298,"b":272},"glyphExtent":{"maxRight":1024,"maxBottom":290,"count":1},"glyphHits":[],"clearance":62}

=== 1280x800 ===
closed launcher: {"box":{"l":1074,"t":712,"r":1256,"b":776},"ariaLabel":"Ask Mini Vic — Vikram's AI clone","innerText":"Ask Mini Vic","visibleText":["Ask Mini Vic"],"svgCount":1,"svgs":[{"w":24,"h":24,"fill":"rgb(246, 246, 246)"}],"videos":[]}
open panel     : {"panel":{"l":824,"t":352,"r":1256,"b":712,"h":360},"h1Box":{"l":64,"t":174,"r":1216,"b":284},"glyphExtent":{"maxRight":959,"maxBottom":301,"count":1},"glyphHits":[],"clearance":51}

=== 1024x768 ===
closed launcher: {"box":{"l":818,"t":680,"r":1000,"b":744},"ariaLabel":"Ask Mini Vic — Vikram's AI clone","innerText":"Ask Mini Vic","visibleText":["Ask Mini Vic"],"svgCount":1,"svgs":[{"w":24,"h":24,"fill":"rgb(246, 246, 246)"}],"videos":[]}
open panel     : {"panel":{"l":568,"t":352,"r":1000,"b":680,"h":328},"h1Box":{"l":51,"t":170,"r":973,"b":258},"glyphExtent":{"maxRight":767,"maxBottom":271,"count":1},"glyphHits":[],"clearance":81}

=== 834x1112 ===
closed launcher: {"box":{"l":628,"t":1024,"r":810,"b":1088},"ariaLabel":"Ask Mini Vic — Vikram's AI clone","innerText":"Ask Mini Vic","visibleText":["Ask Mini Vic"],"svgCount":1,"svgs":[{"w":24,"h":24,"fill":"rgb(246, 246, 246)"}],"videos":[]}
open panel     : {"panel":{"l":378,"t":544,"r":810,"b":1024,"h":480},"h1Box":{"l":42,"t":217,"r":792,"b":288},"glyphExtent":{"maxRight":625,"maxBottom":299,"count":1},"glyphHits":[],"clearance":245}

=== 390x844 ===
closed launcher: {"box":{"l":322,"t":776,"r":366,"b":820},"ariaLabel":"Ask Mini Vic — Vikram's AI clone","innerText":"","visibleText":[],"svgCount":1,"svgs":[{"w":24,"h":24,"fill":"rgb(246, 246, 246)"}],"videos":[]}
open panel     : {"panel":{"l":24,"t":372,"r":366,"b":776,"h":404},"h1Box":{"l":24,"t":149,"r":366,"b":250},"glyphExtent":{"maxRight":264,"maxBottom":258,"count":2},"glyphHits":[],"clearance":114}
