npm notice run forgotten-mistory@2.0.0 npx
npm notice run 'tsc' --noEmit
npm notice run forgotten-mistory@2.0.0 lint
npm notice run next lint
[32m✔ No ESLint warnings or errors[39m

  OVERHAUL STATIC AUDIT — baseline
  ------------------------------------------------------------
  [PASS] TC-NFR-TONE   No boastful/sci-fi copy (data + layout meta + alt/aria)
         clean
  [PASS] TC-NFR-MONO   Achromatic, with one sanctioned accent defined in one place
         clean — greys plus the gold token, defined only in globals.css and lib/palette.ts
  [PASS] TC-NFR-PERF   Asset budgets (img ≤0.5MB · video ≤2.5MB, ≤5MB click-to-play · audio ≤1MB)
         within budget
  [PASS] TC-FR-PARITY  Resume facts present in siteContent
         all key facts present
  [PASS] TC-NFR-TYPE   Three font families — Source Serif 4 (display) + Inter (body) + IBM Plex Mono (data)
         clean — exactly 3 families
  [PASS] TC-NFR-SEC    No hardcoded secrets in client source
         clean
  [PASS] TC-ARCH-BENCH No /performance-benchmark route in static export
         absent from out/
  [PASS] TC-NFR-COMPLETE No truncation/placeholder/stub markers (app|components|lib)
         clean — no incomplete-code markers
  [PASS] TC-NFR-TOKEN  CSS custom properties match design token spec
         all tokens match design spec
  [PASS] TC-NFR-DEADCSS No globals.css rules for classes that do not exist
         clean — every class selector names a class the source can render
  ------------------------------------------------------------
  RESULT: ALL PASS (10/10)

  📄 JSON report → reports/static-audit.json

npm notice run forgotten-mistory@2.0.0 build:static
npm notice run rm -rf .next out && node scripts/build/build_stamp.mjs && node scripts/build/cv_fingerprint.mjs && NODE_ENV=production FIREBASE_STATIC_EXPORT=1 next build && node scripts/build/prune_static_export.mjs && node scripts/validate/built_output_secret_scan.mjs --dir out
[build-stamp] 4 tracked file(s) differ from HEAD — the page will carry no commit stamp, because it was not built from one:
  app/globals.css
  components/MiniVicBot.tsx
  tests/a11y/minivic-launcher.spec.ts
  tests/e2e/chatbot.spec.ts
[build-stamp] tree was not clean — no commit stamp will render
[cv-fingerprint] 16b856c0 · 157615 bytes
  [1m[38;2;173;127;168m▲ Next.js 14.2.35[39m[22m

 [37m[1m [22m[39m Creating an optimized production build ...
 [32m[1m✓[22m[39m Compiled successfully
 [37m[1m [22m[39m Skipping validation of types
 [37m[1m [22m[39m Skipping linting
 [37m[1m [22m[39m Collecting page data ...
 [37m[1m [22m[39m Generating static pages (0/11) ...
 [37m[1m [22m[39m Generating static pages (2/11) 
 [37m[1m [22m[39m Generating static pages (5/11) 
 [37m[1m [22m[39m Generating static pages (8/11) 
 [32m[1m✓[22m[39m Generating static pages (11/11)
 [37m[1m [22m[39m Finalizing page optimization ...
 [37m[1m [22m[39m Collecting build traces ...

[4mRoute (app)[24m                              [4mSize[24m     [4mFirst Load JS[24m
┌ ○ /                                    29.5 kB         [37m[1m188 kB[22m[39m
├ ○ /_not-found                          138 B          [37m[1m87.7 kB[22m[39m
├ ○ /apple-icon.png                      0 B                [37m[1m0 B[22m[39m
├ ○ /icon.png                            0 B                [37m[1m0 B[22m[39m
├ ○ /performance-benchmark               10.2 kB         [37m[1m107 kB[22m[39m
├ ○ /privacy                             408 B          [37m[1m96.7 kB[22m[39m
├ ○ /robots.txt                          0 B                [37m[1m0 B[22m[39m
├ ○ /sitemap.xml                         0 B                [37m[1m0 B[22m[39m
└ ○ /terms                               408 B          [37m[1m96.7 kB[22m[39m
+ First Load JS shared by all            [37m[1m87.6 kB[22m[39m
  ├ chunks/117-618d8b8178db00cb.js       31.8 kB
  ├ chunks/fd9d1056-65122057374fba7a.js  53.6 kB
  └ other shared chunks (total)          2.14 kB


○  (Static)  prerendered as static content

[prune] removed out/performance-benchmark.html
[prune] removed out/performance-benchmark.txt
[prune] removed out/_next/static/chunks/app/performance-benchmark
[prune] done — 3 artifact(s) removed from the static export
  BUILT-OUTPUT SECRET SCAN (NFR-SEC)
  ----------------------------------------------------------
  scanned : 44 files under out/
  shapes  : 12 credential patterns
  identity: 50 real credential value(s) from 1 file(s)
  ----------------------------------------------------------
  RESULT: PASS — no credential material in the emitted bundle.

