npm notice run forgotten-mistory@2.0.0 npx
npm notice run 'playwright' test tests/e2e/hero.spec.ts tests/e2e/hero-fold.spec.ts tests/overhaul/cinematic.spec.ts tests/overhaul/render.spec.ts --workers=1 --reporter=list

Running 50 tests using 1 worker

  ✓   1 [chromium] › tests/e2e/hero-fold.spec.ts:82:11 › Hero — the first fold › at 1440×900 › TC-FOLD-01: one headline, one sentence, one action group at 1440×900 (3.4s)
  ✓   2 [chromium] › tests/e2e/hero-fold.spec.ts:186:11 › Hero — the first fold › at 1440×900 › TC-FOLD-04: one CTA group, with margin, at 1440×900 (4.6s)
  ✓   3 [chromium] › tests/e2e/hero-fold.spec.ts:250:11 › Hero — the first fold › at 1440×900 › TC-FOLD-02: the evidence sits below the fold at 1440×900 (3.0s)
  ✓   4 [chromium] › tests/e2e/hero-fold.spec.ts:280:11 › Hero — the first fold › at 1440×900 › TC-FOLD-03: the visual is the fold at 1440×900 (3.4s)
  ✓   5 [chromium] › tests/e2e/hero-fold.spec.ts:82:11 › Hero — the first fold › at 1280×800 › TC-FOLD-01: one headline, one sentence, one action group at 1280×800 (3.0s)
  ✓   6 [chromium] › tests/e2e/hero-fold.spec.ts:186:11 › Hero — the first fold › at 1280×800 › TC-FOLD-04: one CTA group, with margin, at 1280×800 (2.8s)
  ✓   7 [chromium] › tests/e2e/hero-fold.spec.ts:250:11 › Hero — the first fold › at 1280×800 › TC-FOLD-02: the evidence sits below the fold at 1280×800 (3.5s)
  ✓   8 [chromium] › tests/e2e/hero-fold.spec.ts:280:11 › Hero — the first fold › at 1280×800 › TC-FOLD-03: the visual is the fold at 1280×800 (3.5s)
  ✓   9 [chromium] › tests/e2e/hero-fold.spec.ts:82:11 › Hero — the first fold › at 834×1194 › TC-FOLD-01: one headline, one sentence, one action group at 834×1194 (4.3s)
  ✓  10 [chromium] › tests/e2e/hero-fold.spec.ts:186:11 › Hero — the first fold › at 834×1194 › TC-FOLD-04: one CTA group, with margin, at 834×1194 (3.0s)
  ✓  11 [chromium] › tests/e2e/hero-fold.spec.ts:250:11 › Hero — the first fold › at 834×1194 › TC-FOLD-02: the evidence sits below the fold at 834×1194 (3.1s)
  ✓  12 [chromium] › tests/e2e/hero-fold.spec.ts:280:11 › Hero — the first fold › at 834×1194 › TC-FOLD-03: the visual is the fold at 834×1194 (2.7s)
  ✓  13 [chromium] › tests/e2e/hero-fold.spec.ts:82:11 › Hero — the first fold › at 390×844 › TC-FOLD-01: one headline, one sentence, one action group at 390×844 (2.6s)
  ✓  14 [chromium] › tests/e2e/hero-fold.spec.ts:186:11 › Hero — the first fold › at 390×844 › TC-FOLD-04: one CTA group, with margin, at 390×844 (2.2s)
  ✓  15 [chromium] › tests/e2e/hero-fold.spec.ts:250:11 › Hero — the first fold › at 390×844 › TC-FOLD-02: the evidence sits below the fold at 390×844 (2.5s)
  ✓  16 [chromium] › tests/e2e/hero-fold.spec.ts:280:11 › Hero — the first fold › at 390×844 › TC-FOLD-03: the visual is the fold at 390×844 (2.7s)
  ✓  17 [chromium] › tests/e2e/hero.spec.ts:36:7 › Hero › TC-HERO-01: the name is the page h1 (1.5s)
  ✓  18 [chromium] › tests/e2e/hero.spec.ts:44:7 › Hero › TC-HERO-02: positioning, location and one-sentence statement render (1.5s)
  ✓  19 [chromium] › tests/e2e/hero.spec.ts:52:7 › Hero › TC-HERO-03: the statement stays within its word budget (1.5s)
  ✓  20 [chromium] › tests/e2e/hero.spec.ts:60:7 › Hero › TC-HERO-04: the ledger shows three figures, each with its source (1.7s)
  ✓  21 [chromium] › tests/e2e/hero.spec.ts:74:7 › Hero › TC-HERO-05: both actions are present and reachable (1.1s)
  ✓  22 [chromium] › tests/e2e/hero.spec.ts:85:7 › Hero › TC-HERO-06: recruiter channels are linked (1.3s)
  ✓  23 [chromium] › tests/e2e/hero.spec.ts:93:7 › Hero › TC-HERO-07: a truthful availability signal is shown (1.6s)
  ✓  24 [chromium] › tests/e2e/hero.spec.ts:99:7 › Hero › TC-HERO-08: the fold band fills the first viewport without overflowing it (1.7s)
  ✓  25 [chromium] › tests/e2e/hero.spec.ts:124:7 › Hero › TC-HERO-09: the fold carries the name and the one action group; the evidence follows it (1.8s)
  ✓  26 [chromium] › tests/e2e/hero.spec.ts:159:7 › Hero › TC-HERO-10: the preloader is gone (1.6s)
  ✓  27 [chromium] › tests/e2e/hero.spec.ts:165:7 › Hero › TC-HERO-11: the hero holds at most one WebGL context (2.6s)
  ✓  28 [chromium] › tests/e2e/hero.spec.ts:176:7 › Hero › TC-HERO-12: at 390×844 the three caliper jaws align and an action sits in the first screen (2.6s)
  ✓  29 [chromium] › tests/e2e/hero.spec.ts:364:7 › Hero portrait › TC-HERO-12: the poster is eager, AVIF, correctly named, and never faded in (1.5s)
  ✓  30 [chromium] › tests/e2e/hero.spec.ts:419:7 › Hero portrait › TC-HERO-13: the loop is silent, deferred, and starts only through the gate (4.4s)
  ✓  31 [chromium] › tests/e2e/hero.spec.ts:505:7 › Hero portrait › TC-HERO-14: reduced motion is poster only — no source, no request, no motion (5.7s)
Crossfade shifts: []
  ✓  32 [chromium] › tests/e2e/hero.spec.ts:547:7 › Hero portrait › TC-HERO-15: the crossfade moves nothing — the figure box holds and CLS stays under budget (3.1s)
  ✓  33 [chromium] › tests/e2e/hero.spec.ts:618:7 › Hero portrait › TC-HERO-16: a failed loop leaves the poster in place and throws nothing (5.6s)
  ✓  34 [chromium] › tests/e2e/hero.spec.ts:646:7 › Hero portrait › TC-HERO-17: the pause button is keyboard-operable and its focus ring is achromatic (4.6s)
  ✓  35 [chromium] › tests/e2e/hero.spec.ts:727:7 › Hero portrait › TC-HERO-18: the photograph is in colour and its chrome is achromatic (4.3s)
  ✓  36 [chromium] › tests/e2e/hero.spec.ts:755:7 › Hero portrait › TC-HERO-19: eager image weight ≤ 500 kB and the loop is fetched only on intent (6.1s)
Hero LCP: H1 at 980 ms
  ✓  37 [chromium] › tests/e2e/hero.spec.ts:793:7 › Hero portrait › TC-HERO-20: the LCP element is the poster or the h1, inside 2.5 s, at 1280×720 (4.3s)
  ✓  38 [chromium] › tests/e2e/hero.spec.ts:819:9 › Hero portrait › at 390×844 › TC-HERO-21: below 720 px the photograph is full-bleed below the actions (4.5s)
  ✓  39 [chromium] › tests/overhaul/cinematic.spec.ts:47:7 › Overhaul: Cinematic-Monochrome Design Language › TC-CINE-01: the hero backdrop is decorative — hidden from AT and behind the content (1.6s)
  ✓  40 [chromium] › tests/overhaul/cinematic.spec.ts:83:7 › Overhaul: Cinematic-Monochrome Design Language › TC-CINE-02: nothing intercepts clicks on the hero CTA (2.8s)
  ✓  41 [chromium] › tests/overhaul/cinematic.spec.ts:120:7 › Overhaul: Cinematic-Monochrome Design Language › TC-CINE-03: nav is transparent at top and frosts (data-scrolled) after scroll (2.3s)
  ✓  42 [chromium] › tests/overhaul/cinematic.spec.ts:143:7 › Overhaul: Cinematic-Monochrome Design Language › TC-CINE-04: with every scene suppressed the page is still the whole page (3.2s)
  ✓  43 [chromium] › tests/overhaul/cinematic.spec.ts:170:7 › Overhaul: Cinematic-Monochrome Design Language › TC-CINE-05: the hero name renders in full with no glyph-masking clip-path (D-NAME-01) (2.1s)
  ✓  44 [chromium] › tests/overhaul/cinematic.spec.ts:184:7 › Overhaul: Cinematic-Monochrome Design Language › TC-CINE-06: under reduced motion the hero entrance is a fade, not a rise (1.8s)
  ✓  45 [chromium] › tests/overhaul/cinematic.spec.ts:243:7 › Overhaul: Cinematic-Monochrome Design Language › TC-CINE-07: under reduced motion every section is readable, not left behind a curtain (3.4s)
  ✓  46 [chromium] › tests/overhaul/render.spec.ts:79:7 › TC-NFR-RENDER: Cinematic Rendering Compliance › TC-RENDER-01: The section scenes mount a live WebGL canvas when the GPU allows it (13.9s)
  ✓  47 [chromium] › tests/overhaul/render.spec.ts:102:7 › TC-NFR-RENDER: Cinematic Rendering Compliance › TC-RENDER-02: Scenes draw with no WebGL context loss (11.9s)
  ✓  48 [chromium] › tests/overhaul/render.spec.ts:131:7 › TC-NFR-RENDER: Cinematic Rendering Compliance › TC-RENDER-06: No shader compilation errors anywhere on the page (14.8s)
  ✓  49 [chromium] › tests/overhaul/render.spec.ts:154:7 › TC-NFR-RENDER: Cinematic Rendering Compliance › TC-RENDER-07: Screenshot baseline — hero section (chromium) (4.2s)
  ✓  50 [chromium] › tests/overhaul/render.spec.ts:173:7 › TC-NFR-RENDER: Cinematic Rendering Compliance › TC-RENDER-09: A full-page scroll never trips a page error or the error boundary (7.6s)

  50 passed (3.1m)
