{
 "vp": {
  "w": 1440,
  "h": 900
 },
 "hero": {
  "w": 1440,
  "h": 1329,
  "display": "block",
  "visibility": "visible",
  "opacity": "1",
  "transform": "none"
 },
 "h1": {
  "w": 643,
  "h": 248,
  "display": "block",
  "visibility": "visible",
  "opacity": "1",
  "transform": "matrix(1, 0, 0, 1, 0, 0)"
 },
 "main": {
  "w": 1440,
  "h": 12221,
  "display": "block",
  "visibility": "visible",
  "opacity": "1",
  "transform": "none"
 },
 "loadingShell": null,
 "pageFrame": {
  "w": 1440,
  "h": 12221,
  "display": "block",
  "visibility": "visible",
  "opacity": "1",
  "transform": "none"
 },
 "bodyText": "Skip to the evidence\nAsk Mini Vic\nVIKRAM.\nMENU\n\nMELBOURNE, AUSTRALIA\n\nVikram Deshpande\n\nDelivery leadership · AI solutions architecture\n\nSixteen years leading delivery across government, banking and t",
 "bodyScrollH": 12360,
 "heads": [
  {
   "id": "hero",
   "tag": "H1",
   "text": "Vikram Deshpande",
   "h": 248,
   "op": "1"
  },
  {
   "id": "about",
   "tag": "H2",
   "text": "Ten dimensions, answered",
   "h": 57,
   "op": "1"
  },
  {
   "id": "experience",
   "tag": "H2",
   "text": "Sixteen years, to scaleMay 2010 → Septem",
   "h": 84,
   "op": "1"
  },
  {
   "id": "skills",
   "tag": "H2",
   "text": "Calibration card",
   "h": 57,
   "op": "1"
  },
  {
   "id": "vitrine",
   "tag": "H2",
   "text": "Six of thirty-eight",
   "h": 57,
   "op": "1"
  },
  {
   "id": "listen",
   "tag": "H2",
   "text": "Feedback & coffee?",
   "h": 57,
   "op": "1"
  }
 ]
}
{
 "vp": {
  "w": 390,
  "h": 844
 },
 "hero": {
  "w": 390,
  "h": 1490,
  "display": "block",
  "visibility": "visible",
  "opacity": "1",
  "transform": "none"
 },
 "h1": {
  "w": 356,
  "h": 101,
  "display": "block",
  "visibility": "visible",
  "opacity": "1",
  "transform": "matrix(1, 0, 0, 1, 0, 0)"
 },
 "main": {
  "w": 390,
  "h": 17875,
  "display": "block",
  "visibility": "visible",
  "opacity": "1",
  "transform": "none"
 },
 "loadingShell": null,
 "pageFrame": {
  "w": 390,
  "h": 17875,
  "display": "block",
  "visibility": "visible",
  "opacity": "1",
  "transform": "none"
 },
 "bodyText": "Skip to the evidence\nAsk Mini Vic\nVIKRAM.\nMENU\n\nMELBOURNE, AUSTRALIA\n\nVikram Deshpande\n\nDelivery leadership · AI solutions architecture\n\nSixteen years leading delivery across government, banking and t",
 "bodyScrollH": 18091,
 "heads": [
  {
   "id": "hero",
   "tag": "H1",
   "text": "Vikram Deshpande",
   "h": 101,
   "op": "1"
  },
  {
   "id": "about",
   "tag": "H2",
   "text": "Ten dimensions, answered",
   "h": 67,
   "op": "1"
  },
  {
   "id": "experience",
   "tag": "H2",
   "text": "Sixteen years, to scaleMay 2010 → Septem",
   "h": 59,
   "op": "1"
  },
  {
   "id": "skills",
   "tag": "H2",
   "text": "Calibration card",
   "h": 34,
   "op": "1"
  },
  {
   "id": "vitrine",
   "tag": "H2",
   "text": "Six of thirty-eight",
   "h": 34,
   "op": "1"
  },
  {
   "id": "listen",
   "tag": "H2",
   "text": "Feedback & coffee?",
   "h": 34,
   "op": "1"
  }
 ]
}
