=== BASELINE: gold-painted elements inside #skills @1440 ===
count(direct rgb(201,168,76)) = [33m29[39m
count(all incl. gradient strokes) = [33m49[39m
  path.Bench_wire__dK7WK Bench_production__Hr6n2 x=336 y=-578.5 752x27 so=1 "" -> stroke:url("#bench-wire-gold")
  path.Bench_wire__dK7WK Bench_production__Hr6n2 x=336 y=-551.5 752x7 so=1 "" -> stroke:url("#bench-wire-gold")
  path.Bench_wire__dK7WK Bench_production__Hr6n2 x=336 y=-520.9 752x10 so=1 "" -> stroke:url("#bench-wire-gold")
  path.Bench_wire__dK7WK Bench_production__Hr6n2 x=336 y=-520.9 752x44 so=1 "" -> stroke:url("#bench-wire-gold")
  path.Bench_wire__dK7WK Bench_production__Hr6n2 x=336 y=-520.9 752x77 so=1 "" -> stroke:url("#bench-wire-gold")
  path.Bench_wire__dK7WK Bench_production__Hr6n2 x=336 y=-410 752x12 so=1 "" -> stroke:url("#bench-wire-gold")
  path.Bench_wire__dK7WK Bench_nonProduction__eWnL5 x=336 y=-490.3 752x114 so=1 "" -> stroke:url("#bench-wire-grey")
  path.Bench_wire__dK7WK Bench_nonProduction__eWnL5 x=336 y=-398.2 752x22 so=1 "" -> stroke:url("#bench-wire-grey")
  path.Bench_wire__dK7WK Bench_production__Hr6n2 x=336 y=-398.2 752x56 so=1 "" -> stroke:url("#bench-wire-gold")
  path.Bench_wire__dK7WK Bench_production__Hr6n2 x=336 y=-309 752x3 so=1 "" -> stroke:url("#bench-wire-gold")
  path.Bench_wire__dK7WK Bench_production__Hr6n2 x=336 y=-398.2 752x123 so=1 "" -> stroke:url("#bench-wire-gold")
  path.Bench_wire__dK7WK Bench_production__Hr6n2 x=336 y=-367.7 752x92 so=1 "" -> stroke:url("#bench-wire-gold")
  path.Bench_wire__dK7WK Bench_nonProduction__eWnL5 x=336 y=-266.6 752x25 so=1 "" -> stroke:url("#bench-wire-grey")
  path.Bench_wire__dK7WK Bench_production__Hr6n2 x=336 y=-337.1 752x129 so=1 "" -> stroke:url("#bench-wire-gold")
  path.Bench_wire__dK7WK Bench_production__Hr6n2 x=336 y=-367.7 752x160 so=1 "" -> stroke:url("#bench-wire-gold")
  path.Bench_wire__dK7WK Bench_production__Hr6n2 x=336 y=-226.7 752x52 so=1 "" -> stroke:url("#bench-wire-gold")
  path.Bench_wire__dK7WK Bench_production__Hr6n2 x=336 y=-196.1 752x22 so=1 "" -> stroke:url("#bench-wire-gold")
  path.Bench_wire__dK7WK Bench_production__Hr6n2 x=336 y=-140.5 752x37 so=1 "" -> stroke:url("#bench-wire-gold")
  path.Bench_wire__dK7WK Bench_production__Hr6n2 x=336 y=-106.9 752x33 so=1 "" -> stroke:url("#bench-wire-gold")
  path.Bench_wire__dK7WK Bench_production__Hr6n2 x=336 y=-73.2 752x30 so=1 "" -> stroke:url("#bench-wire-gold")
  span.Bench_mark__NJTKw Bench_production__Hr6n2 x=1088 y=-581.8 7x7 so=1 "" -> backgroundColor:rgb(201, 168, 76)
  span.Bench_mark__NJTKw Bench_production__Hr6n2 x=1088 y=-548.2 7x7 so=1 "" -> backgroundColor:rgb(201, 168, 76)
  span.Bench_mark__NJTKw Bench_production__Hr6n2 x=1088 y=-514.5 7x7 so=1 "" -> backgroundColor:rgb(201, 168, 76)
  span.Bench_mark__NJTKw Bench_production__Hr6n2 x=1088 y=-480.8 7x7 so=1 "" -> backgroundColor:rgb(201, 168, 76)
  span.Bench_mark__NJTKw Bench_production__Hr6n2 x=1088 y=-447.1 7x7 so=1 "" -> backgroundColor:rgb(201, 168, 76)
  span.Bench_mark__NJTKw Bench_production__Hr6n2 x=1088 y=-413.4 7x7 so=1 "" -> backgroundColor:rgb(201, 168, 76)
  span.Bench_mark__NJTKw Bench_production__Hr6n2 x=1088 y=-346 7x7 so=1 "" -> backgroundColor:rgb(201, 168, 76)
  span.Bench_mark__NJTKw Bench_production__Hr6n2 x=1088 y=-312.3 7x7 so=1 "" -> backgroundColor:rgb(201, 168, 76)
  span.Bench_mark__NJTKw Bench_production__Hr6n2 x=1088 y=-278.7 7x7 so=1 "" -> backgroundColor:rgb(201, 168, 76)
  span.Bench_mark__NJTKw Bench_production__Hr6n2 x=1088 y=-211.3 7x7 so=1 "" -> backgroundColor:rgb(201, 168, 76)
  span.Bench_mark__NJTKw Bench_production__Hr6n2 x=1088 y=-177.6 7x7 so=1 "" -> backgroundColor:rgb(201, 168, 76)
  span.Bench_mark__NJTKw Bench_production__Hr6n2 x=1088 y=-143.9 7x7 so=1 "" -> backgroundColor:rgb(201, 168, 76)
  span.Bench_mark__NJTKw Bench_production__Hr6n2 x=1088 y=-110.2 7x7 so=1 "" -> backgroundColor:rgb(201, 168, 76)
  span.Bench_mark__NJTKw Bench_production__Hr6n2 x=1088 y=-76.5 7x7 so=1 "" -> backgroundColor:rgb(201, 168, 76)
  span.Skills_legendGlyph__ZFNcO x=129 y=169.3 12x22 so=1 "●" -> color:rgb(201, 168, 76) | borderTopColor:rgb(201, 168, 76) | borderRightColor:rgb(201, 168, 76) | borderBottomColor:rgb(201, 168, 76) | borderLeftColor:rgb(201, 168, 76)
  span.Skills_statusGlyph__sSwV_ x=1159.6 y=336.9 10x18 so=1 "●" -> color:rgb(201, 168, 76) | borderTopColor:rgb(201, 168, 76) | borderRightColor:rgb(201, 168, 76) | borderBottomColor:rgb(201, 168, 76) | borderLeftColor:rgb(201, 168, 76)
  span.Skills_statusGlyph__sSwV_ x=1159.6 y=423.6 10x18 so=1 "●" -> color:rgb(201, 168, 76) | borderTopColor:rgb(201, 168, 76) | borderRightColor:rgb(201, 168, 76) | borderBottomColor:rgb(201, 168, 76) | borderLeftColor:rgb(201, 168, 76)
  span.Skills_statusGlyph__sSwV_ x=1159.6 y=510.4 10x18 so=1 "●" -> color:rgb(201, 168, 76) | borderTopColor:rgb(201, 168, 76) | borderRightColor:rgb(201, 168, 76) | borderBottomColor:rgb(201, 168, 76) | borderLeftColor:rgb(201, 168, 76)
  span.Skills_statusGlyph__sSwV_ x=1159.6 y=579.4 10x18 so=1 "●" -> color:rgb(201, 168, 76) | borderTopColor:rgb(201, 168, 76) | borderRightColor:rgb(201, 168, 76) | borderBottomColor:rgb(201, 168, 76) | borderLeftColor:rgb(201, 168, 76)
  span.Skills_statusGlyph__sSwV_ x=1159.6 y=666.1 10x18 so=1 "●" -> color:rgb(201, 168, 76) | borderTopColor:rgb(201, 168, 76) | borderRightColor:rgb(201, 168, 76) | borderBottomColor:rgb(201, 168, 76) | borderLeftColor:rgb(201, 168, 76)
  span.Skills_statusGlyph__sSwV_ x=1159.6 y=752.9 10x18 so=1 "●" -> color:rgb(201, 168, 76) | borderTopColor:rgb(201, 168, 76) | borderRightColor:rgb(201, 168, 76) | borderBottomColor:rgb(201, 168, 76) | borderLeftColor:rgb(201, 168, 76)
  span.Skills_statusGlyph__sSwV_ x=1159.6 y=966.4 10x18 so=1 "●" -> color:rgb(201, 168, 76) | borderTopColor:rgb(201, 168, 76) | borderRightColor:rgb(201, 168, 76) | borderBottomColor:rgb(201, 168, 76) | borderLeftColor:rgb(201, 168, 76)
  span.Skills_statusGlyph__sSwV_ x=1159.6 y=1053.1 10x18 so=1 "●" -> color:rgb(201, 168, 76) | borderTopColor:rgb(201, 168, 76) | borderRightColor:rgb(201, 168, 76) | borderBottomColor:rgb(201, 168, 76) | borderLeftColor:rgb(201, 168, 76)
  span.Skills_statusGlyph__sSwV_ x=1159.6 y=1139.9 10x18 so=1 "●" -> color:rgb(201, 168, 76) | borderTopColor:rgb(201, 168, 76) | borderRightColor:rgb(201, 168, 76) | borderBottomColor:rgb(201, 168, 76) | borderLeftColor:rgb(201, 168, 76)
  span.Skills_statusGlyph__sSwV_ x=1159.6 y=1353.4 10x18 so=1 "●" -> color:rgb(201, 168, 76) | borderTopColor:rgb(201, 168, 76) | borderRightColor:rgb(201, 168, 76) | borderBottomColor:rgb(201, 168, 76) | borderLeftColor:rgb(201, 168, 76)
  span.Skills_statusGlyph__sSwV_ x=1159.6 y=1440.1 10x18 so=1 "●" -> color:rgb(201, 168, 76) | borderTopColor:rgb(201, 168, 76) | borderRightColor:rgb(201, 168, 76) | borderBottomColor:rgb(201, 168, 76) | borderLeftColor:rgb(201, 168, 76)
  span.Skills_statusGlyph__sSwV_ x=1159.6 y=1538.2 10x18 so=1 "●" -> color:rgb(201, 168, 76) | borderTopColor:rgb(201, 168, 76) | borderRightColor:rgb(201, 168, 76) | borderBottomColor:rgb(201, 168, 76) | borderLeftColor:rgb(201, 168, 76)
  span.Skills_statusGlyph__sSwV_ x=1159.6 y=1607.2 10x18 so=1 "●" -> color:rgb(201, 168, 76) | borderTopColor:rgb(201, 168, 76) | borderRightColor:rgb(201, 168, 76) | borderBottomColor:rgb(201, 168, 76) | borderLeftColor:rgb(201, 168, 76)
  span.Skills_statusGlyph__sSwV_ x=1159.6 y=1693.9 10x18 so=1 "●" -> color:rgb(201, 168, 76) | borderTopColor:rgb(201, 168, 76) | borderRightColor:rgb(201, 168, 76) | borderBottomColor:rgb(201, 168, 76) | borderLeftColor:rgb(201, 168, 76)
=== gold x-columns === {"129":1,"336":20,"1088":14,"1160":14}

=== BASELINE: visible a[href="/docs/Vik_Resume_Final.pdf"] with scrollY 0 ===
-- 390px: total anchors=3 counting=1
   nav-cv "Download CV" (0,0) 0x0 vis=visible op=1 counts=false
   nav-link "Download CV" (58,-373.2) 274x48 vis=visible op=0 counts=false
   Hero_secondaryAction__jCqGE "Download CV" (212.6,782.9) 153x48 vis=visible op=1 counts=true
-- 834px: total anchors=3 counting=1
   nav-cv "Download CV" (564.8,28) 132x39 vis=visible op=1 counts=true
   nav-link "Download CV" (217.1,-157.9) 400x70 vis=visible op=0 counts=false
   Hero_secondaryAction__jCqGE "Download CV" (242.3,953.9) 156x48 vis=visible op=1 counts=false
-- 1280px: total anchors=3 counting=3
   nav-cv "Download CV" (988.5,28) 132x39 vis=visible op=1 counts=true
   nav-link "Download CV" (365.9,6) 548x96 vis=visible op=0 counts=true
   Hero_secondaryAction__jCqGE "Download CV" (264.6,741.9) 156x48 vis=visible op=1 counts=true
-- 1440px: total anchors=3 counting=3
   nav-cv "Download CV" (1140.5,28) 132x39 vis=visible op=1 counts=true
   nav-link "Download CV" (445.9,6) 548x96 vis=visible op=0 counts=true
   Hero_secondaryAction__jCqGE "Download CV" (296.6,755.6) 156x48 vis=visible op=1 counts=true
-- 1920px: total anchors=3 counting=3
   nav-cv "Download CV" (1596.5,28) 132x39 vis=visible op=1 counts=true
   nav-link "Download CV" (685.9,6) 548x96 vis=visible op=0 counts=true
   Hero_secondaryAction__jCqGE "Download CV" (536.6,759.6) 156x48 vis=visible op=1 counts=true
