npm notice run forgotten-mistory@2.0.0 npx
npm notice run 'playwright' test tests/overhaul/hero-first-paint.spec.ts tests/overhaul/flagship-visibility.spec.ts tests/a11y/text-contrast.spec.ts --workers=1 --reporter=list

Running 26 tests using 1 worker

  ✓   1 [chromium] › tests/a11y/text-contrast.spec.ts:452:9 › Text contrast (WCAG 1.4.3, every visible text node) › TC-CONTRAST-01 @ 1440: no visible text node falls below AA against its sampled ground (20.8s)
  ✓   2 [chromium] › tests/a11y/text-contrast.spec.ts:452:9 › Text contrast (WCAG 1.4.3, every visible text node) › TC-CONTRAST-01 @ 390: no visible text node falls below AA against its sampled ground (29.6s)
  ✓   3 [chromium] › tests/a11y/text-contrast.spec.ts:484:9 › TC-CONTRAST-02 (WebGL path) — contrast is measured over the shaders too › TC-CONTRAST-02 @ 1440: no visible text node falls below AA over the live scenes (1.9m)
  ✓   4 [chromium] › tests/a11y/text-contrast.spec.ts:484:9 › TC-CONTRAST-02 (WebGL path) — contrast is measured over the shaders too › TC-CONTRAST-02 @ 390: no visible text node falls below AA over the live scenes (1.4m)
[flagship-visibility] hero@1440: ground=0.0030 coverage=46.62% peak=0.8308 motion=0.04139 box=1440x900
  ✓   5 [chromium] › tests/overhaul/flagship-visibility.spec.ts:300:11 › TC-FLAGSHIP-VIS @ 1440 — signature scenes are visible › TC-FLAGSHIP-VIS-HERO @ 1440 — hero atmosphere reads as light (12.9s)
[flagship-visibility] about@1440: ground=0.0030 coverage=46.93% peak=0.6376 motion=0.01849 box=384x384
  ✓   6 [chromium] › tests/overhaul/flagship-visibility.spec.ts:300:11 › TC-FLAGSHIP-VIS @ 1440 — signature scenes are visible › TC-FLAGSHIP-VIS-ABOUT @ 1440 — about compass field reads as light (10.1s)
[flagship-visibility] experience@1440: ground=0.0030 coverage=25.92% peak=0.8308 motion=0.03423 box=1298x536
  ✓   7 [chromium] › tests/overhaul/flagship-visibility.spec.ts:300:11 › TC-FLAGSHIP-VIS @ 1440 — signature scenes are visible › TC-FLAGSHIP-VIS-EXPERIENCE @ 1440 — experience strata reads as light (8.9s)
[flagship-visibility] skills@1440: ground=0.0030 coverage=34.65% peak=0.4969 motion=0.01128 box=1248x580
  ✓   8 [chromium] › tests/overhaul/flagship-visibility.spec.ts:300:11 › TC-FLAGSHIP-VIS @ 1440 — signature scenes are visible › TC-FLAGSHIP-VIS-SKILLS @ 1440 — skills bench field reads as light (7.4s)
[flagship-visibility:still] hero@1440: ground=0.0030 coverage=23.64% peak=0.0931
  ✓   9 [chromium] › tests/overhaul/flagship-visibility.spec.ts:355:11 › TC-FLAGSHIP-VIS-STILL @ 1440 — the reduced-motion still is still light › TC-FLAGSHIP-VIS-STILL-HERO @ 1440 — hero atmosphere fallback (2.5s)
[flagship-visibility:still] about@1440: ground=0.0030 coverage=35.79% peak=0.0823
  ✓  10 [chromium] › tests/overhaul/flagship-visibility.spec.ts:355:11 › TC-FLAGSHIP-VIS-STILL @ 1440 — the reduced-motion still is still light › TC-FLAGSHIP-VIS-STILL-ABOUT @ 1440 — about compass field fallback (3.2s)
[flagship-visibility:still] experience@1440: ground=0.0030 coverage=4.10% peak=0.1559
  ✓  11 [chromium] › tests/overhaul/flagship-visibility.spec.ts:355:11 › TC-FLAGSHIP-VIS-STILL @ 1440 — the reduced-motion still is still light › TC-FLAGSHIP-VIS-STILL-EXPERIENCE @ 1440 — experience strata fallback (2.5s)
[flagship-visibility:still] skills@1440: ground=0.0030 coverage=32.88% peak=0.0953
  ✓  12 [chromium] › tests/overhaul/flagship-visibility.spec.ts:355:11 › TC-FLAGSHIP-VIS-STILL @ 1440 — the reduced-motion still is still light › TC-FLAGSHIP-VIS-STILL-SKILLS @ 1440 — skills bench field fallback (2.5s)
[flagship-visibility] hero@390: ground=0.0030 coverage=100.00% peak=0.8308 motion=0.05630 box=390x844
  ✓  13 [chromium] › tests/overhaul/flagship-visibility.spec.ts:300:11 › TC-FLAGSHIP-VIS @ 390 — signature scenes are visible › TC-FLAGSHIP-VIS-HERO @ 390 — hero atmosphere reads as light (7.9s)
[flagship-visibility] about@390: ground=0.0030 coverage=45.50% peak=0.4179 motion=0.01596 box=224x224
  ✓  14 [chromium] › tests/overhaul/flagship-visibility.spec.ts:300:11 › TC-FLAGSHIP-VIS @ 390 — signature scenes are visible › TC-FLAGSHIP-VIS-ABOUT @ 390 — about compass field reads as light (8.2s)
[flagship-visibility] experience@390: ground=0.0030 coverage=36.97% peak=0.8308 motion=0.04287 box=356x661
  ✓  15 [chromium] › tests/overhaul/flagship-visibility.spec.ts:300:11 › TC-FLAGSHIP-VIS @ 390 — signature scenes are visible › TC-FLAGSHIP-VIS-EXPERIENCE @ 390 — experience strata reads as light (9.2s)
[flagship-visibility] skills@390: ground=0.0030 coverage=44.51% peak=0.4910 motion=0.00706 box=342x152
  ✓  16 [chromium] › tests/overhaul/flagship-visibility.spec.ts:300:11 › TC-FLAGSHIP-VIS @ 390 — signature scenes are visible › TC-FLAGSHIP-VIS-SKILLS @ 390 — skills bench field reads as light (6.7s)
[flagship-visibility:still] hero@390: ground=0.0030 coverage=17.14% peak=0.1779
  ✓  17 [chromium] › tests/overhaul/flagship-visibility.spec.ts:355:11 › TC-FLAGSHIP-VIS-STILL @ 390 — the reduced-motion still is still light › TC-FLAGSHIP-VIS-STILL-HERO @ 390 — hero atmosphere fallback (2.5s)
[flagship-visibility:still] about@390: ground=0.0030 coverage=36.39% peak=0.0823
  ✓  18 [chromium] › tests/overhaul/flagship-visibility.spec.ts:355:11 › TC-FLAGSHIP-VIS-STILL @ 390 — the reduced-motion still is still light › TC-FLAGSHIP-VIS-STILL-ABOUT @ 390 — about compass field fallback (2.7s)
[flagship-visibility:still] experience@390: ground=0.0030 coverage=4.17% peak=0.1620
  ✓  19 [chromium] › tests/overhaul/flagship-visibility.spec.ts:355:11 › TC-FLAGSHIP-VIS-STILL @ 390 — the reduced-motion still is still light › TC-FLAGSHIP-VIS-STILL-EXPERIENCE @ 390 — experience strata fallback (2.6s)
[flagship-visibility:still] skills@390: ground=0.0030 coverage=69.18% peak=0.0908
  ✓  20 [chromium] › tests/overhaul/flagship-visibility.spec.ts:355:11 › TC-FLAGSHIP-VIS-STILL @ 390 — the reduced-motion still is still light › TC-FLAGSHIP-VIS-STILL-SKILLS @ 390 — skills bench field fallback (2.6s)
[TC-HERO-FIRSTPAINT-01] still mean luminance @1440: 0.0531
  ✓  21 [chromium] › tests/overhaul/hero-first-paint.spec.ts:201:9 › G-H2a: the hero atmosphere is in the first paint › TC-HERO-FIRSTPAINT-01 [1440]: the hero slot carries a lit still, served and painted without the scene (4.1s)
[TC-HERO-FIRSTPAINT-01] still mean luminance @390: 0.0814
  ✓  22 [chromium] › tests/overhaul/hero-first-paint.spec.ts:201:9 › G-H2a: the hero atmosphere is in the first paint › TC-HERO-FIRSTPAINT-01 [390]: the hero slot carries a lit still, served and painted without the scene (2.8s)
[TC-HERO-FIRSTPAINT-02] canvas_after_dcl_ms_glforce_1440: 1685
  ✓  23 [chromium] › tests/overhaul/hero-first-paint.spec.ts:260:9 › G-H2a: the hero atmosphere is in the first paint › TC-HERO-FIRSTPAINT-02 [1440]: the hero canvas mounts on a cold load (2.7s)
[TC-HERO-FIRSTPAINT-02] canvas_after_dcl_ms_glforce_390: 1685
  ✓  24 [chromium] › tests/overhaul/hero-first-paint.spec.ts:260:9 › G-H2a: the hero atmosphere is in the first paint › TC-HERO-FIRSTPAINT-02 [390]: the hero canvas mounts on a cold load (2.4s)
  ✓  25 [chromium] › tests/overhaul/hero-first-paint.spec.ts:288:7 › G-H2a: the hero atmosphere is in the first paint › TC-HERO-FIRSTPAINT-02b: the hero scene mounts even though the page never settles (2.7s)
  ✓  26 [chromium] › tests/overhaul/hero-first-paint.spec.ts:334:7 › G-H2a: the hero atmosphere is in the first paint › TC-HERO-FIRSTPAINT-03: priority is opt-in — no other scene jumps the idle gate (1.6s)

  26 passed (6.0m)
