TAP version 13
# Subtest: the deploy pipeline is simple and autonomous
    # Subtest: is the only workflow that deploys, and there are exactly two workflows
    ok 1 - is the only workflow that deploys, and there are exactly two workflows
      ---
      duration_ms: 1.715595
      type: 'test'
      ...
    # Subtest: runs on every push to main, every ten minutes, and on demand
    ok 2 - runs on every push to main, every ten minutes, and on demand
      ---
      duration_ms: 0.195653
      type: 'test'
      ...
    # Subtest: has one job with no needs on any check
    ok 3 - has one job with no needs on any check
      ---
      duration_ms: 0.279893
      type: 'test'
      ...
    # Subtest: consolidates every remote branch into main before deploying, resolves conflicts itself, and deletes what it merged
    ok 4 - consolidates every remote branch into main before deploying, resolves conflicts itself, and deletes what it merged
      ---
      duration_ms: 0.240282
      type: 'test'
      ...
    # Subtest: deploys with the Firebase service account to the live channel and reads the commit back
    ok 5 - deploys with the Firebase service account to the live channel and reads the commit back
      ---
      duration_ms: 0.222882
      type: 'test'
      ...
    # Subtest: can push (contents: write), queues runs and never cancels a deploy in flight
    ok 6 - can push (contents: write), queues runs and never cancels a deploy in flight
      ---
      duration_ms: 0.117422
      type: 'test'
      ...
    # Subtest: never weakens itself
    ok 7 - never weakens itself
      ---
      duration_ms: 0.245402
      type: 'test'
      ...
    1..7
ok 1 - the deploy pipeline is simple and autonomous
  ---
  duration_ms: 4.082322
  type: 'suite'
  ...
# Subtest: checks report and never gate
    # Subtest: run on every push and carry no deploy step
    ok 1 - run on every push and carry no deploy step
      ---
      duration_ms: 0.300072
      type: 'test'
      ...
    # Subtest: cover types, lint, the static audit, the node contract tests, the Playwright suite and npm audit
    ok 2 - cover types, lint, the static audit, the node contract tests, the Playwright suite and npm audit
      ---
      duration_ms: 0.286412
      type: 'test'
      ...
    # Subtest: installs the Cloud Functions dependencies before the node contract tests run
    ok 3 - installs the Cloud Functions dependencies before the node contract tests run
      ---
      duration_ms: 0.423514
      type: 'test'
      ...
    # Subtest: uploads hidden report directories (upload-artifact v4 skips dot-paths by default)
    ok 4 - uploads hidden report directories (upload-artifact v4 skips dot-paths by default)
      ---
      duration_ms: 0.159692
      type: 'test'
      ...
    1..4
ok 2 - checks report and never gate
  ---
  duration_ms: 1.606803
  type: 'suite'
  ...
1..2
# tests 11
# suites 2
# pass 11
# fail 0
# cancelled 0
# skipped 0
# todo 0
# duration_ms 148.86443
