npm notice run forgotten-mistory@2.0.0 npx
npm notice run 'playwright' test tests/overhaul/render.spec.ts tests/overhaul/cinematic.spec.ts tests/e2e/hero.spec.ts

[2mRunning [22m34[2m tests using [22m2[2m workers[22m

  [32m✓[39m  [2m 1 [22m[chromium] › tests/e2e/hero.spec.ts:30:7 › Hero › TC-HERO-01: the name is the page h1[2m (3.1s)[22m
  [32m✓[39m  [2m 2 [22m[chromium] › tests/e2e/hero.spec.ts:38:7 › Hero › TC-HERO-02: positioning, location and one-sentence statement render[2m (3.0s)[22m
  [32m✓[39m  [2m 3 [22m[chromium] › tests/e2e/hero.spec.ts:46:7 › Hero › TC-HERO-03: the statement stays within its word budget[2m (2.2s)[22m
  [32m✓[39m  [2m 4 [22m[chromium] › tests/e2e/hero.spec.ts:54:7 › Hero › TC-HERO-04: the ledger shows three figures, each with its source[2m (3.1s)[22m
  [32m✓[39m  [2m 5 [22m[chromium] › tests/e2e/hero.spec.ts:68:7 › Hero › TC-HERO-05: both actions are present and reachable[2m (2.4s)[22m
  [32m✓[39m  [2m 6 [22m[chromium] › tests/e2e/hero.spec.ts:79:7 › Hero › TC-HERO-06: recruiter channels are linked[2m (2.9s)[22m
  [32m✓[39m  [2m 7 [22m[chromium] › tests/e2e/hero.spec.ts:87:7 › Hero › TC-HERO-07: a truthful availability signal is shown[2m (2.0s)[22m
  [32m✓[39m  [2m 8 [22m[chromium] › tests/e2e/hero.spec.ts:93:7 › Hero › TC-HERO-08: the hero fills the first viewport without overflowing it[2m (2.2s)[22m
  [32m✓[39m  [2m 9 [22m[chromium] › tests/e2e/hero.spec.ts:107:7 › Hero › TC-HERO-09: the whole hero is legible in the first viewport[2m (2.6s)[22m
  [32m✓[39m  [2m10 [22m[chromium] › tests/e2e/hero.spec.ts:123:7 › Hero › TC-HERO-10: the preloader is gone[2m (1.9s)[22m
  [32m✓[39m  [2m11 [22m[chromium] › tests/e2e/hero.spec.ts:129:7 › Hero › TC-HERO-11: the hero holds at most one WebGL context[2m (3.1s)[22m
  [32m✓[39m  [2m12 [22m[chromium] › tests/e2e/hero.spec.ts:140:7 › Hero › TC-HERO-12: at 390×844 the three caliper jaws align and an action sits in the first screen[2m (3.3s)[22m
  [32m✓[39m  [2m13 [22m[chromium] › tests/e2e/hero.spec.ts:305:7 › Hero portrait › TC-HERO-12: the poster is eager, AVIF, correctly named, and never faded in[2m (2.5s)[22m
  [32m✓[39m  [2m14 [22m[chromium] › tests/e2e/hero.spec.ts:360:7 › Hero portrait › TC-HERO-13: the loop is silent, deferred, and starts only through the gate[2m (4.8s)[22m
  [32m✓[39m  [2m15 [22m[chromium] › tests/e2e/hero.spec.ts:438:7 › Hero portrait › TC-HERO-14: reduced motion is poster only — no source, no request, no button[2m (7.1s)[22m
  [32m✓[39m  [2m16 [22m[chromium] › tests/e2e/hero.spec.ts:475:7 › Hero portrait › TC-HERO-15: the crossfade moves nothing — the figure box holds and CLS stays under budget[2m (3.8s)[22m
  [32m✓[39m  [2m18 [22m[chromium] › tests/e2e/hero.spec.ts:544:7 › Hero portrait › TC-HERO-17: the pause button is keyboard-operable and its focus ring is achromatic[2m (6.9s)[22m
  [32m✓[39m  [2m17 [22m[chromium] › tests/e2e/hero.spec.ts:519:7 › Hero portrait › TC-HERO-16: a failed loop leaves the poster in place and throws nothing[2m (8.3s)[22m
  [32m✓[39m  [2m19 [22m[chromium] › tests/e2e/hero.spec.ts:602:7 › Hero portrait › TC-HERO-18: both layers are grayscale and nothing in the figure is chromatic[2m (3.7s)[22m
  [32m✓[39m  [2m20 [22m[chromium] › tests/e2e/hero.spec.ts:623:7 › Hero portrait › TC-HERO-19: eager image weight ≤ 500 kB and the loop is fetched only after load[2m (4.1s)[22m
Hero LCP: H1 at 452 ms
  [32m✓[39m  [2m21 [22m[chromium] › tests/e2e/hero.spec.ts:656:7 › Hero portrait › TC-HERO-20: the LCP element is the poster or the h1, inside 2.5 s, at 1280×720[2m (3.6s)[22m
  [32m✓[39m  [2m23 [22m[chromium] › tests/overhaul/cinematic.spec.ts:47:7 › Overhaul: Cinematic-Monochrome Design Language › TC-CINE-01: the hero backdrop is decorative — hidden from AT and behind the content[2m (1.3s)[22m
  [32m✓[39m  [2m22 [22m[chromium] › tests/e2e/hero.spec.ts:682:9 › Hero portrait › at 390×844 › TC-HERO-21: below 720 px the portrait is an 88 px poster stamp with no video[2m (4.1s)[22m
  [32m✓[39m  [2m25 [22m[chromium] › tests/overhaul/cinematic.spec.ts:120:7 › Overhaul: Cinematic-Monochrome Design Language › TC-CINE-03: nav is transparent at top and frosts (data-scrolled) after scroll[2m (1.7s)[22m
  [32m✓[39m  [2m24 [22m[chromium] › tests/overhaul/cinematic.spec.ts:83:7 › Overhaul: Cinematic-Monochrome Design Language › TC-CINE-02: nothing intercepts clicks on the hero CTA[2m (3.2s)[22m
  [32m✓[39m  [2m27 [22m[chromium] › tests/overhaul/cinematic.spec.ts:170:7 › Overhaul: Cinematic-Monochrome Design Language › TC-CINE-05: the hero name renders in full with no glyph-masking clip-path (D-NAME-01)[2m (1.9s)[22m
  [32m✓[39m  [2m26 [22m[chromium] › tests/overhaul/cinematic.spec.ts:143:7 › Overhaul: Cinematic-Monochrome Design Language › TC-CINE-04: with every scene suppressed the page is still the whole page[2m (3.1s)[22m
  [32m✓[39m  [2m28 [22m[chromium] › tests/overhaul/cinematic.spec.ts:184:7 › Overhaul: Cinematic-Monochrome Design Language › TC-CINE-06: under reduced motion the hero entrance is a fade, not a rise[2m (1.7s)[22m
  [32m✓[39m  [2m29 [22m[chromium] › tests/overhaul/cinematic.spec.ts:243:7 › Overhaul: Cinematic-Monochrome Design Language › TC-CINE-07: under reduced motion every section is readable, not left behind a curtain[2m (2.8s)[22m
  [32m✓[39m  [2m31 [22m[chromium] › tests/overhaul/render.spec.ts:102:7 › TC-NFR-RENDER: Cinematic Rendering Compliance › TC-RENDER-02: Scenes draw with no WebGL context loss[2m (10.0s)[22m
  [32m✓[39m  [2m30 [22m[chromium] › tests/overhaul/render.spec.ts:79:7 › TC-NFR-RENDER: Cinematic Rendering Compliance › TC-RENDER-01: The section scenes mount a live WebGL canvas when the GPU allows it[2m (12.9s)[22m
  [32m✓[39m  [2m33 [22m[chromium] › tests/overhaul/render.spec.ts:154:7 › TC-NFR-RENDER: Cinematic Rendering Compliance › TC-RENDER-07: Screenshot baseline — hero section (chromium)[2m (5.0s)[22m
  [32m✓[39m  [2m32 [22m[chromium] › tests/overhaul/render.spec.ts:131:7 › TC-NFR-RENDER: Cinematic Rendering Compliance › TC-RENDER-06: No shader compilation errors anywhere on the page[2m (13.4s)[22m
  [32m✓[39m  [2m34 [22m[chromium] › tests/overhaul/render.spec.ts:173:7 › TC-NFR-RENDER: Cinematic Rendering Compliance › TC-RENDER-09: A full-page scroll never trips a page error or the error boundary[2m (7.4s)[22m

[32m  34 passed[39m[2m (1.3m)[22m
