npm notice run forgotten-mistory@2.0.0 npx
npm notice run 'playwright' test tests/e2e/hero.spec.ts tests/overhaul/scene-experience.spec.ts --reporter=list --workers=2

Running 30 tests using 2 workers

  ✓   1 [chromium] › tests/e2e/hero.spec.ts:38:7 › Hero › TC-HERO-02: positioning, location and one-sentence statement render (2.4s)
  ✓   2 [chromium] › tests/e2e/hero.spec.ts:30:7 › Hero › TC-HERO-01: the name is the page h1 (2.1s)
  ✓   3 [chromium] › tests/e2e/hero.spec.ts:46:7 › Hero › TC-HERO-03: the statement stays within its word budget (2.6s)
  ✓   4 [chromium] › tests/e2e/hero.spec.ts:54:7 › Hero › TC-HERO-04: the ledger shows three figures, each with its source (3.2s)
  ✓   5 [chromium] › tests/e2e/hero.spec.ts:68:7 › Hero › TC-HERO-05: both actions are present and reachable (3.6s)
  ✓   6 [chromium] › tests/e2e/hero.spec.ts:79:7 › Hero › TC-HERO-06: recruiter channels are linked (3.4s)
  ✓   7 [chromium] › tests/e2e/hero.spec.ts:87:7 › Hero › TC-HERO-07: a truthful availability signal is shown (2.1s)
  ✓   8 [chromium] › tests/e2e/hero.spec.ts:93:7 › Hero › TC-HERO-08: the hero fills the first viewport without overflowing it (2.6s)
  ✓   9 [chromium] › tests/e2e/hero.spec.ts:107:7 › Hero › TC-HERO-09: the whole hero is legible in the first viewport (2.6s)
  ✓  10 [chromium] › tests/e2e/hero.spec.ts:123:7 › Hero › TC-HERO-10: the preloader is gone (2.2s)
  ✓  11 [chromium] › tests/e2e/hero.spec.ts:129:7 › Hero › TC-HERO-11: the hero holds at most one WebGL context (3.4s)
  ✓  12 [chromium] › tests/e2e/hero.spec.ts:140:7 › Hero › TC-HERO-12: at 390×844 the three caliper jaws align and an action sits in the first screen (3.8s)
  ✓  13 [chromium] › tests/e2e/hero.spec.ts:316:7 › Hero portrait › TC-HERO-12: the poster is eager, AVIF, correctly named, and never faded in (3.3s)
  ✓  14 [chromium] › tests/e2e/hero.spec.ts:371:7 › Hero portrait › TC-HERO-13: the loop is silent, deferred, and starts only through the gate (6.9s)
  ✓  15 [chromium] › tests/e2e/hero.spec.ts:457:7 › Hero portrait › TC-HERO-14: reduced motion is poster only — no source, no request, no motion (6.6s)
Crossfade shifts: []
  ✓  16 [chromium] › tests/e2e/hero.spec.ts:499:7 › Hero portrait › TC-HERO-15: the crossfade moves nothing — the figure box holds and CLS stays under budget (3.0s)
  ✓  18 [chromium] › tests/e2e/hero.spec.ts:598:7 › Hero portrait › TC-HERO-17: the pause button is keyboard-operable and its focus ring is achromatic (4.0s)
  ✓  17 [chromium] › tests/e2e/hero.spec.ts:570:7 › Hero portrait › TC-HERO-16: a failed loop leaves the poster in place and throws nothing (6.2s)
  ✓  19 [chromium] › tests/e2e/hero.spec.ts:662:7 › Hero portrait › TC-HERO-18: the photograph is in colour and its chrome is achromatic (3.3s)
  ✓  20 [chromium] › tests/e2e/hero.spec.ts:690:7 › Hero portrait › TC-HERO-19: eager image weight ≤ 500 kB and the loop is fetched only on intent (5.1s)
Hero LCP: H1 at 304 ms
  ✓  21 [chromium] › tests/e2e/hero.spec.ts:728:7 › Hero portrait › TC-HERO-20: the LCP element is the poster or the h1, inside 2.5 s, at 1280×720 (3.3s)
  ✓  22 [chromium] › tests/e2e/hero.spec.ts:754:9 › Hero portrait › at 390×844 › TC-HERO-21: below 720 px the photograph is full-bleed below the actions (3.9s)
  ✓  23 [chromium] › tests/overhaul/scene-experience.spec.ts:195:7 › #experience — the narrated signature (c18 / MOT-F-1) › TC-SCENE-EXP-01: the bars are still growing 100 ms after the section commits (2.9s)
  ✓  24 [chromium] › tests/overhaul/scene-experience.spec.ts:221:7 › #experience — the narrated signature (c18 / MOT-F-1) › TC-SCENE-EXP-03: nothing in the section paints gold (4.4s)
  ✓  25 [chromium] › tests/overhaul/scene-experience.spec.ts:208:7 › #experience — the narrated signature (c18 / MOT-F-1) › TC-SCENE-EXP-02: every bar reaches its real length within 1500 ms (3.9s)
  ✓  26 [chromium] › tests/overhaul/scene-experience.spec.ts:252:7 › #experience — the narrated signature (c18 / MOT-F-1) › TC-SCENE-EXP-04: the today playhead is white (2.2s)
  ✓  27 [chromium] › tests/overhaul/scene-experience.spec.ts:262:7 › #experience — the narrated signature (c18 / MOT-F-1) › TC-SCENE-EXP-05: every duration label stays inside the chart card (5.4s)
  ✓  29 [chromium] › tests/overhaul/scene-experience.spec.ts:306:7 › #experience — the narrated signature (c18 / MOT-F-1) › TC-SCENE-EXP-07: the shader is bound to the spans it sits under (9ms)
  ✓  28 [chromium] › tests/overhaul/scene-experience.spec.ts:297:7 › #experience — the narrated signature (c18 / MOT-F-1) › TC-SCENE-EXP-06: one canvas behind the chart at ?gl=force (5.0s)
  ✓  30 [chromium] › tests/overhaul/scene-experience.spec.ts:316:7 › #experience under reduced motion › TC-SCENE-EXP-08: no bar is ever shorter than its real duration (4.4s)

  30 passed (59.3s)
SUITES2_EXIT=0
