npm notice run forgotten-mistory@2.0.0 npx
npm notice run 'playwright' test tests/monochrome tests/a11y/gold-contrast.spec.ts --reporter=line

[2mRunning [22m17[2m tests using [22m2[2m workers[22m

[1A[2K[1/17] [chromium] › tests/a11y/gold-contrast.spec.ts:293:7 › WCAG 2.1 AA — composited contrast of the gold and grey marks › GC-01: every live repository URL clears 4.5:1 as composited
[1A[2K[2/17] [chromium] › tests/a11y/gold-contrast.spec.ts:328:7 › WCAG 2.1 AA — composited contrast of the gold and grey marks › GC-02: every skills status label clears 4.5:1
[1A[2K[2m[chromium] › tests/a11y/gold-contrast.spec.ts:328:7 › WCAG 2.1 AA — composited contrast of the gold and grey marks › GC-02: every skills status label clears 4.5:1[22m

=== GC-02 status labels (#skills) ===

[1A[2K  "measured in production"  6.28:1  (fg #939393 on modal bg #0e0e0e, 12px/400, opacity chain 1, ground rgba(245, 245, 245, 0.016); spread 6.32–6.24:1)

[1A[2K  "measured in production"  6.28:1  (fg #939393 on modal bg #0e0e0e, 12px/400, opacity chain 1, ground rgba(245, 245, 245, 0.016); spread 6.32–6.24:1)

[1A[2K  "measured in production"  6.28:1  (fg #939393 on modal bg #0e0e0e, 12px/400, opacity chain 1, ground rgba(245, 245, 245, 0.016); spread 6.32–6.19:1)

[1A[2K  "measured in production"  6.28:1  (fg #939393 on modal bg #0e0e0f, 12px/400, opacity chain 1, ground rgba(245, 245, 245, 0.016); spread 6.28–6.24:1)

[1A[2K  "measured in production"  6.28:1  (fg #939393 on modal bg #0e0e0f, 12px/400, opacity chain 1, ground rgba(245, 245, 245, 0.016); spread 6.33–6.24:1)

[1A[2K  "measured in production"  6.44:1  (fg #939393 on modal bg #0a0a0a, 12px/400, opacity chain 1, ground rgba(245, 245, 245, 0.016); spread 6.52–1.93:1)

[1A[2K[3/17] [chromium] › tests/a11y/gold-contrast.spec.ts:343:7 › WCAG 2.1 AA — composited contrast of the gold and grey marks › GC-03: no gold text is ever painted on an --ink-500 ground
[1A[2K[2m[chromium] › tests/a11y/gold-contrast.spec.ts:293:7 › WCAG 2.1 AA — composited contrast of the gold and grey marks › GC-01: every live repository URL clears 4.5:1 as composited[22m

=== GC-01 live repository URLs (#vitrine) ===

[1A[2K  "https://aether.srv1356245.hstgr.cloud"  8.71:1  (fg #c9a84c on modal bg #090909, 12px/400, opacity chain 1, ground rgb(10, 10, 10); spread 8.71–8.66:1)

[1A[2K  "https://abentertainment.com.au"  5.62:1  (fg #948869 on modal bg #0b0b0b, 12px/400, opacity chain 0.62, ground rgb(10, 10, 10); spread 5.63–5.62:1)

[1A[2K[4/17] [chromium] › tests/monochrome/gold-semantics.spec.ts:75:7 › R-21 / R-110 — gold means "this figure has a source" › GS-01: the MiniVic liveness dot is not gold
[1A[2K[2m[chromium] › tests/monochrome/gold-semantics.spec.ts:75:7 › R-21 / R-110 — gold means "this figure has a source" › GS-01: the MiniVic liveness dot is not gold[22m

=== GS-01 MiniVic liveness dot === {"background":"rgb(246, 246, 246)","color":"oklab(0.999994 0.0000455678 0.0000200868 / 0.9)","borderColor":"oklab(0.999994 0.0000455678 0.0000200868 / 0.9)","width":"6px","height":"6px"}

[1A[2K[5/17] [chromium] › tests/monochrome/gold-semantics.spec.ts:130:7 › R-21 / R-110 — gold means "this figure has a source" › GS-02 @ 390x844 (phone): at most one saturated gold mark shares a viewport in the vitrine
[1A[2K[2m[chromium] › tests/a11y/gold-contrast.spec.ts:343:7 › WCAG 2.1 AA — composited contrast of the gold and grey marks › GC-03: no gold text is ever painted on an --ink-500 ground[22m

=== GC-03 gold-on---ink-500 sweep === 0 offender(s)

[1A[2K[6/17] [chromium] › tests/monochrome/gold-semantics.spec.ts:130:7 › R-21 / R-110 — gold means "this figure has a source" › GS-02 @ 768x1024 (tablet): at most one saturated gold mark shares a viewport in the vitrine
[1A[2K[2m[chromium] › tests/monochrome/gold-semantics.spec.ts:130:7 › R-21 / R-110 — gold means "this figure has a source" › GS-02 @ 390x844 (phone): at most one saturated gold mark shares a viewport in the vitrine[22m

=== GS-02 @ 390x844 (phone) — saturated gold marks sharing the vitrine viewport === 1

[1A[2K  a.Vitrine_live__PwDxH "aether.srv1356245.hstgr.cloud" via color: rgb(201, 168, 76)

[1A[2K[7/17] [chromium] › tests/monochrome/gold-semantics.spec.ts:130:7 › R-21 / R-110 — gold means "this figure has a source" › GS-02 @ 1280x720 (laptop): at most one saturated gold mark shares a viewport in the vitrine
[1A[2K[2m[chromium] › tests/monochrome/gold-semantics.spec.ts:130:7 › R-21 / R-110 — gold means "this figure has a source" › GS-02 @ 768x1024 (tablet): at most one saturated gold mark shares a viewport in the vitrine[22m

=== GS-02 @ 768x1024 (tablet) — saturated gold marks sharing the vitrine viewport === 1

[1A[2K  a.Vitrine_live__PwDxH "aether.srv1356245.hstgr.cloud" via color: rgb(201, 168, 76)

[1A[2K[8/17] [chromium] › tests/monochrome/gold-semantics.spec.ts:130:7 › R-21 / R-110 — gold means "this figure has a source" › GS-02 @ 1920x1080 (desktop): at most one saturated gold mark shares a viewport in the vitrine
[1A[2K[2m[chromium] › tests/monochrome/gold-semantics.spec.ts:130:7 › R-21 / R-110 — gold means "this figure has a source" › GS-02 @ 1280x720 (laptop): at most one saturated gold mark shares a viewport in the vitrine[22m

=== GS-02 @ 1280x720 (laptop) — saturated gold marks sharing the vitrine viewport === 1

[1A[2K  a.Vitrine_live__PwDxH "aether.srv1356245.hstgr.cloud" via color: rgb(201, 168, 76)

[1A[2K[9/17] [chromium] › tests/monochrome/minivic-launcher.spec.ts:133:9 › Monochrome: the MiniVic launcher › MONO-MV-01 @ 1440: every colour inside the launcher is R==G==B and never gold
[1A[2K[2m[chromium] › tests/monochrome/gold-semantics.spec.ts:130:7 › R-21 / R-110 — gold means "this figure has a source" › GS-02 @ 1920x1080 (desktop): at most one saturated gold mark shares a viewport in the vitrine[22m

=== GS-02 @ 1920x1080 (desktop) — saturated gold marks sharing the vitrine viewport === 1

[1A[2K  a.Vitrine_live__PwDxH "aether.srv1356245.hstgr.cloud" via color: rgb(201, 168, 76)

[1A[2K[10/17] [chromium] › tests/monochrome/minivic-launcher.spec.ts:133:9 › Monochrome: the MiniVic launcher › MONO-MV-01 @ 390: every colour inside the launcher is R==G==B and never gold
[1A[2K[11/17] [chromium] › tests/monochrome/monochrome.spec.ts:118:7 › Monochrome Compliance › MONO-01: :root publishes the grey ramp and exactly the four sanctioned gold tokens
[1A[2K[12/17] [chromium] › tests/monochrome/monochrome.spec.ts:146:7 › Monochrome Compliance › MONO-02: Body background is achromatic
[1A[2K[13/17] [chromium] › tests/monochrome/monochrome.spec.ts:153:7 › Monochrome Compliance › MONO-03: No inline style declares a colour outside the palette
[1A[2K[14/17] [chromium] › tests/monochrome/monochrome.spec.ts:207:7 › Monochrome Compliance › MONO-04: Every rendered colour in every section is achromatic or the sanctioned gold
[1A[2K[15/17] [chromium] › tests/monochrome/monochrome.spec.ts:218:7 › Monochrome Compliance › MONO-05: The sanctioned accent is actually in use, and only as the accent
[1A[2K[16/17] [chromium] › tests/monochrome/monochrome.spec.ts:244:7 › Monochrome Compliance › MONO-06: Navigation overlay is achromatic when open
[1A[2K[17/17] [chromium] › tests/monochrome/monochrome.spec.ts:252:7 › Monochrome Compliance › MONO-07: The check still rejects an unsanctioned hue
[1A[2K[32m  17 passed[39m[2m (37.0s)[22m
