[hero-plane-dominance] 1440×900 /?gl=force (shader, settled) @ https://forgotten-mistory.web.app
  fold W×H            = 1440×900 (1296000 px)  canvases in #hero = 1
  G (10th-pct L)      = 0.0091    peak L = 1.0000
  Σ_fold m            = 216780.24
  Σ_P m               = 131018.10
  SPD = Σ_P/Σ_fold    = 0.6044    PLANE-1 ≥ 0.75 FAIL  (ship ≥ 0.78 FAIL)
  Σ_fold m / (W·H)    = 0.1673    PLANE-2 ≥ 0.045 PASS
  ink I               = 27 rects, dilated 8 px, covering 36.54% of the fold (473601 px)
  ground chain (never ink): div[data-scene=hero-atmosphere] > section#hero > main#main > div.page-frame > body.page-ready > html.__variable_37ef13 > div > div > canvas
    #01 text  a.logo "VIKRAM."  x=72 y=35.47 w=91.92 h=21
    #02 media svg  x=72 y=59.47 w=91.88 h=3.06
    #03 text  span.menu-toggle__label "Menu"  x=1290.23 y=39 w=46.17 h=17
    #04 plate span.menu-toggle__bar α=1  x=1346 y=43 w=22 h=2
    #05 plate span.menu-toggle__bar α=1  x=1346 y=50 w=22 h=2
    #06 text  p.Hero_eyebrow__oWOD8 "Melbourne, Australia"  x=109 y=128 w=218.94 h=17
    #07 plate span.Hero_locationDot__CTn_R α=1  x=96 y=134 w=5 h=5
    #08 text  h1#hero-name "Vikram Deshpande"  x=96 y=163 w=394.03 h=162
    #09 text  h1#hero-name "Vikram Deshpande"  x=96 y=286.97 w=589.45 h=162
    #10 text  p.Hero_role__DCbYG "Delivery leadership · AI solutions archi"  x=96 y=455.53 w=502.36 h=28
    #11 text  p.Hero_statement___HX_b "Sixteen years leading delivery across go"  x=96 y=518.03 w=533.73 h=21
    #12 text  p.Hero_statement___HX_b "Sixteen years leading delivery across go"  x=96 y=548.27 w=591.59 h=21
    #13 text  p.Hero_statement___HX_b "Sixteen years leading delivery across go"  x=96 y=578.5 w=598.7 h=21
    #14 text  p.Hero_statement___HX_b "Sixteen years leading delivery across go"  x=96 y=608.73 w=131.47 h=21
    #15 plate a.Hero_primaryAction__SBJFA α=1 "See the evidence"  x=96 y=675.47 w=184.58 h=48
    #16 text  a.Hero_primaryAction__SBJFA "See the evidence"  x=121 y=689.47 w=134.58 h=20
    #17 text  a.Hero_secondaryAction__jCqGE "Download CV"  x=321.58 y=689.47 w=105.78 h=20
    #18 plate div.Hero_portraitMedia__gBrPy α=1  x=796.81 y=254.53 w=547.19 h=305.38
    #19 media img "Portrait of Vikram Deshpande"  x=797.81 y=255.53 w=545.19 h=303.38
    #20 plate figcaption[data-testid=portrait-caption] α=0.88 "Photograph · Melbourne"  x=796.81 y=573.34 w=183.7 h=21.59
    #21 text  figcaption[data-testid=portrait-caption] "Photograph · Melbourne"  x=814.41 y=576.89 w=159.72 h=14
    #22 plate span[data-testid=minivic-launcher-label] α=1 "Ask Mini Vic"  x=1231.63 y=829 w=112.38 h=30
    #23 text  span[data-testid=minivic-launcher-label] "Ask Mini Vic"  x=1248.63 y=836 w=78.38 h=15
    #24 plate span.minivic-launcher__disc α=1  x=1352 y=812 w=64 h=64
    #25 media svg  x=1372 y=832 w=24 h=24
    #26 plate span.minivic-launcher__pulse α=1  x=1399.5 y=813.5 w=15 h=15
    #27 plate span.minivic-launcher__dot α=1  x=1402 y=816 w=10 h=10

[hero-plane-dominance] 1440×900 prefers-reduced-motion still @ https://forgotten-mistory.web.app
  fold W×H            = 1440×900 (1296000 px)  canvases in #hero = 0
  G (10th-pct L)      = 0.0060    peak L = 1.0000
  Σ_fold m            = 135253.09
  Σ_P m               = 55574.67
  SPD = Σ_P/Σ_fold    = 0.4109    PLANE-1 ≥ 0.75 FAIL  (ship ≥ 0.78 FAIL)
  Σ_fold m / (W·H)    = 0.1044    PLANE-2 ≥ 0.045 PASS
  ink I               = 27 rects, dilated 8 px, covering 36.54% of the fold (473601 px)
  ground chain (never ink): div[data-scene=hero-atmosphere] > section#hero > main#main > div.page-frame > body.page-ready > html.__variable_37ef13
    #01 text  a.logo "VIKRAM."  x=72 y=35.47 w=91.92 h=21
    #02 media svg  x=72 y=59.47 w=91.88 h=3.06
    #03 text  span.menu-toggle__label "Menu"  x=1290.23 y=39 w=46.17 h=17
    #04 plate span.menu-toggle__bar α=1  x=1346 y=43 w=22 h=2
    #05 plate span.menu-toggle__bar α=1  x=1346 y=50 w=22 h=2
    #06 text  p.Hero_eyebrow__oWOD8 "Melbourne, Australia"  x=109 y=128 w=218.94 h=17
    #07 plate span.Hero_locationDot__CTn_R α=1  x=96 y=134 w=5 h=5
    #08 text  h1#hero-name "Vikram Deshpande"  x=96 y=163 w=394.03 h=162
    #09 text  h1#hero-name "Vikram Deshpande"  x=96 y=286.97 w=589.45 h=162
    #10 text  p.Hero_role__DCbYG "Delivery leadership · AI solutions archi"  x=96 y=455.53 w=502.36 h=28
    #11 text  p.Hero_statement___HX_b "Sixteen years leading delivery across go"  x=96 y=518.03 w=533.73 h=21
    #12 text  p.Hero_statement___HX_b "Sixteen years leading delivery across go"  x=96 y=548.27 w=591.59 h=21
    #13 text  p.Hero_statement___HX_b "Sixteen years leading delivery across go"  x=96 y=578.5 w=598.7 h=21
    #14 text  p.Hero_statement___HX_b "Sixteen years leading delivery across go"  x=96 y=608.73 w=131.47 h=21
    #15 plate a.Hero_primaryAction__SBJFA α=1 "See the evidence"  x=96 y=675.47 w=184.58 h=48
    #16 text  a.Hero_primaryAction__SBJFA "See the evidence"  x=121 y=689.47 w=134.58 h=20
    #17 text  a.Hero_secondaryAction__jCqGE "Download CV"  x=321.58 y=689.47 w=105.78 h=20
    #18 plate div.Hero_portraitMedia__gBrPy α=1  x=796.81 y=254.53 w=547.19 h=305.38
    #19 media img "Portrait of Vikram Deshpande"  x=797.81 y=255.53 w=545.19 h=303.38
    #20 plate figcaption[data-testid=portrait-caption] α=0.88 "Photograph · Melbourne"  x=796.81 y=573.34 w=183.7 h=21.59
    #21 text  figcaption[data-testid=portrait-caption] "Photograph · Melbourne"  x=814.41 y=576.89 w=159.72 h=14
    #22 plate span[data-testid=minivic-launcher-label] α=1 "Ask Mini Vic"  x=1231.63 y=829 w=112.38 h=30
    #23 text  span[data-testid=minivic-launcher-label] "Ask Mini Vic"  x=1248.63 y=836 w=78.38 h=15
    #24 plate span.minivic-launcher__disc α=1  x=1352 y=812 w=64 h=64
    #25 media svg  x=1372 y=832 w=24 h=24
    #26 plate span.minivic-launcher__pulse α=1  x=1402 y=816 w=10 h=10
    #27 plate span.minivic-launcher__dot α=1  x=1402 y=816 w=10 h=10

[hero-plane-dominance] 1280×800 /?gl=force (shader, settled) @ https://forgotten-mistory.web.app
  fold W×H            = 1280×800 (1024000 px)  canvases in #hero = 1
  G (10th-pct L)      = 0.0091    peak L = 1.0000
  Σ_fold m            = 176344.26
  Σ_P m               = 104601.96
  SPD = Σ_P/Σ_fold    = 0.5932    PLANE-1 ≥ 0.75 FAIL  (ship ≥ 0.78 FAIL)
  Σ_fold m / (W·H)    = 0.1722    PLANE-2 ≥ 0.045 PASS
  ink I               = 26 rects, dilated 8 px, covering 39.48% of the fold (404281 px)
  ground chain (never ink): div[data-scene=hero-atmosphere] > section#hero > main#main > div.page-frame > body.page-ready > html.__variable_37ef13 > div > div > canvas
    #01 text  a.logo "VIKRAM."  x=64 y=35.47 w=91.92 h=21
    #02 media svg  x=64 y=59.47 w=91.88 h=3.06
    #03 text  span.menu-toggle__label "Menu"  x=1138.23 y=39 w=46.17 h=17
    #04 plate span.menu-toggle__bar α=1  x=1194 y=43 w=22 h=2
    #05 plate span.menu-toggle__bar α=1  x=1194 y=50 w=22 h=2
    #06 text  p.Hero_eyebrow__oWOD8 "Melbourne, Australia"  x=77 y=114 w=218.94 h=17
    #07 plate span.Hero_locationDot__CTn_R α=1  x=64 y=120 w=5 h=5
    #08 text  h1#hero-name "Vikram Deshpande"  x=64 y=148 w=350.23 h=144
    #09 text  h1#hero-name "Vikram Deshpande"  x=64 y=258.19 w=523.94 h=144
    #10 text  p.Hero_role__DCbYG "Delivery leadership · AI solutions archi"  x=64 y=407.56 w=502.36 h=28
    #11 text  p.Hero_statement___HX_b "Sixteen years leading delivery across go"  x=64 y=467.06 w=533.73 h=21
    #12 text  p.Hero_statement___HX_b "Sixteen years leading delivery across go"  x=64 y=497.3 w=591.59 h=21
    #13 text  p.Hero_statement___HX_b "Sixteen years leading delivery across go"  x=64 y=527.53 w=598.7 h=21
    #14 text  p.Hero_statement___HX_b "Sixteen years leading delivery across go"  x=64 y=557.77 w=131.47 h=21
    #15 plate a.Hero_primaryAction__SBJFA α=1 "See the evidence"  x=64 y=608 w=184.58 h=48
    #16 text  a.Hero_primaryAction__SBJFA "See the evidence"  x=89 y=622 w=134.58 h=20
    #17 text  a.Hero_secondaryAction__jCqGE "Download CV"  x=289.58 y=622 w=105.78 h=20
    #18 plate div.Hero_portraitMedia__gBrPy α=1  x=729.61 y=230.75 w=486.39 h=271.45
    #19 media img "Portrait of Vikram Deshpande"  x=730.61 y=231.75 w=484.39 h=269.45
    #20 plate figcaption[data-testid=portrait-caption] α=0.88 "Photograph · Melbourne"  x=729.61 y=515.64 w=183.7 h=21.59
    #21 text  figcaption[data-testid=portrait-caption] "Photograph · Melbourne"  x=747.2 y=519.19 w=159.72 h=14
    #22 plate span[data-testid=minivic-launcher-label] α=1 "Ask Mini Vic"  x=1071.63 y=729 w=112.38 h=30
    #23 text  span[data-testid=minivic-launcher-label] "Ask Mini Vic"  x=1088.63 y=736 w=78.38 h=15
    #24 plate span.minivic-launcher__disc α=1  x=1192 y=712 w=64 h=64
    #25 media svg  x=1212 y=732 w=24 h=24
    #26 plate span.minivic-launcher__dot α=1  x=1242 y=716 w=10 h=10

[hero-plane-dominance] 1280×800 prefers-reduced-motion still @ https://forgotten-mistory.web.app
  fold W×H            = 1280×800 (1024000 px)  canvases in #hero = 0
  G (10th-pct L)      = 0.0060    peak L = 1.0000
  Σ_fold m            = 103919.21
  Σ_P m               = 38761.64
  SPD = Σ_P/Σ_fold    = 0.3730    PLANE-1 ≥ 0.75 FAIL  (ship ≥ 0.78 FAIL)
  Σ_fold m / (W·H)    = 0.1015    PLANE-2 ≥ 0.045 PASS
  ink I               = 26 rects, dilated 8 px, covering 39.48% of the fold (404281 px)
  ground chain (never ink): div[data-scene=hero-atmosphere] > section#hero > main#main > div.page-frame > body.page-ready > html.__variable_37ef13
    #01 text  a.logo "VIKRAM."  x=64 y=35.47 w=91.92 h=21
    #02 media svg  x=64 y=59.47 w=91.88 h=3.06
    #03 text  span.menu-toggle__label "Menu"  x=1138.23 y=39 w=46.17 h=17
    #04 plate span.menu-toggle__bar α=1  x=1194 y=43 w=22 h=2
    #05 plate span.menu-toggle__bar α=1  x=1194 y=50 w=22 h=2
    #06 text  p.Hero_eyebrow__oWOD8 "Melbourne, Australia"  x=77 y=114 w=218.94 h=17
    #07 plate span.Hero_locationDot__CTn_R α=1  x=64 y=120 w=5 h=5
    #08 text  h1#hero-name "Vikram Deshpande"  x=64 y=148 w=350.23 h=144
    #09 text  h1#hero-name "Vikram Deshpande"  x=64 y=258.19 w=523.94 h=144
    #10 text  p.Hero_role__DCbYG "Delivery leadership · AI solutions archi"  x=64 y=407.56 w=502.36 h=28
    #11 text  p.Hero_statement___HX_b "Sixteen years leading delivery across go"  x=64 y=467.06 w=533.73 h=21
    #12 text  p.Hero_statement___HX_b "Sixteen years leading delivery across go"  x=64 y=497.3 w=591.59 h=21
    #13 text  p.Hero_statement___HX_b "Sixteen years leading delivery across go"  x=64 y=527.53 w=598.7 h=21
    #14 text  p.Hero_statement___HX_b "Sixteen years leading delivery across go"  x=64 y=557.77 w=131.47 h=21
    #15 plate a.Hero_primaryAction__SBJFA α=1 "See the evidence"  x=64 y=608 w=184.58 h=48
    #16 text  a.Hero_primaryAction__SBJFA "See the evidence"  x=89 y=622 w=134.58 h=20
    #17 text  a.Hero_secondaryAction__jCqGE "Download CV"  x=289.58 y=622 w=105.78 h=20
    #18 plate div.Hero_portraitMedia__gBrPy α=1  x=729.61 y=230.75 w=486.39 h=271.45
    #19 media img "Portrait of Vikram Deshpande"  x=730.61 y=231.75 w=484.39 h=269.45
    #20 plate figcaption[data-testid=portrait-caption] α=0.88 "Photograph · Melbourne"  x=729.61 y=515.64 w=183.7 h=21.59
    #21 text  figcaption[data-testid=portrait-caption] "Photograph · Melbourne"  x=747.2 y=519.19 w=159.72 h=14
    #22 plate span[data-testid=minivic-launcher-label] α=1 "Ask Mini Vic"  x=1071.63 y=729 w=112.38 h=30
    #23 text  span[data-testid=minivic-launcher-label] "Ask Mini Vic"  x=1088.63 y=736 w=78.38 h=15
    #24 plate span.minivic-launcher__disc α=1  x=1192 y=712 w=64 h=64
    #25 media svg  x=1212 y=732 w=24 h=24
    #26 plate span.minivic-launcher__dot α=1  x=1242 y=716 w=10 h=10

[hero-plane-dominance] 834×1194 /?gl=force (shader, settled) @ https://forgotten-mistory.web.app
  fold W×H            = 834×1194 (995796 px)  canvases in #hero = 1
  G (10th-pct L)      = 0.0086    peak L = 1.0000
  Σ_fold m            = 266284.87
  Σ_P m               = 219478.18
  SPD = Σ_P/Σ_fold    = 0.8242    PLANE-1 ≥ 0.75 PASS  (ship ≥ 0.78 PASS)
  Σ_fold m / (W·H)    = 0.2674    PLANE-2 ≥ 0.045 PASS
  ink I               = 29 rects, dilated 8 px, covering 25.68% of the fold (255679 px)
  ground chain (never ink): div[data-scene=hero-atmosphere] > section#hero > main#main > div.page-frame > body.page-ready > html.__variable_37ef13 > div > div > canvas
    #01 text  a.logo "VIKRAM."  x=41.69 y=34.69 w=90.7 h=21
    #02 media svg  x=41.69 y=59.28 w=90.47 h=3.02
    #03 text  span.menu-toggle__label "Menu"  x=714.55 y=39 w=46.17 h=17
    #04 plate span.menu-toggle__bar α=1  x=770.31 y=43 w=22 h=2
    #05 plate span.menu-toggle__bar α=1  x=770.31 y=50 w=22 h=2
    #06 text  p.Hero_eyebrow__oWOD8 "Melbourne, Australia"  x=54.69 y=162 w=218.94 h=17
    #07 plate span.Hero_locationDot__CTn_R α=1  x=41.69 y=168 w=5 h=5
    #08 text  h1#hero-name "Vikram Deshpande"  x=41.69 y=209 w=228.17 h=94
    #09 text  h1#hero-name "Vikram Deshpande"  x=41.69 y=280.8 w=341.33 h=94
    #10 text  p.Hero_role__DCbYG "Delivery leadership · AI solutions archi"  x=41.69 y=391.59 w=350.91 h=27
    #11 text  p.Hero_role__DCbYG "Delivery leadership · AI solutions archi"  x=41.69 y=424.97 w=128.59 h=27
    #12 text  p.Hero_statement___HX_b "Sixteen years leading delivery across go"  x=41.69 y=491.34 w=308.78 h=21
    #13 text  p.Hero_statement___HX_b "Sixteen years leading delivery across go"  x=41.69 y=521.13 w=388.41 h=21
    #14 text  p.Hero_statement___HX_b "Sixteen years leading delivery across go"  x=41.69 y=550.91 w=347.03 h=21
    #15 text  p.Hero_statement___HX_b "Sixteen years leading delivery across go"  x=41.69 y=580.69 w=350.61 h=21
    #16 text  p.Hero_statement___HX_b "Sixteen years leading delivery across go"  x=41.69 y=610.47 w=346.59 h=21
    #17 text  p.Hero_statement___HX_b "Sixteen years leading delivery across go"  x=41.69 y=640.25 w=75.27 h=21
    #18 plate a.Hero_primaryAction__SBJFA α=1 "See the evidence"  x=41.69 y=714.03 w=184.58 h=48
    #19 text  a.Hero_primaryAction__SBJFA "See the evidence"  x=66.69 y=728.03 w=134.58 h=20
    #20 text  a.Hero_secondaryAction__jCqGE "Download CV"  x=267.27 y=728.03 w=105.78 h=20
    #21 plate div.Hero_portraitMedia__gBrPy α=1  x=475.41 y=355.11 w=316.91 h=176.86
    #22 media img "Portrait of Vikram Deshpande"  x=476.41 y=356.11 w=314.91 h=174.86
    #23 plate figcaption[data-testid=portrait-caption] α=0.88 "Photograph · Melbourne"  x=475.41 y=545.41 w=182.81 h=21.52
    #24 text  figcaption[data-testid=portrait-caption] "Photograph · Melbourne"  x=493 y=548.95 w=158.83 h=14
    #25 plate span[data-testid=minivic-launcher-label] α=1 "Ask Mini Vic"  x=625.63 y=1123 w=112.38 h=30
    #26 text  span[data-testid=minivic-launcher-label] "Ask Mini Vic"  x=642.63 y=1130 w=78.38 h=15
    #27 plate span.minivic-launcher__disc α=1  x=746 y=1106 w=64 h=64
    #28 media svg  x=766 y=1126 w=24 h=24
    #29 plate span.minivic-launcher__dot α=1  x=796 y=1110 w=10 h=10

[hero-plane-dominance] 834×1194 prefers-reduced-motion still @ https://forgotten-mistory.web.app
  fold W×H            = 834×1194 (995796 px)  canvases in #hero = 0
  G (10th-pct L)      = 0.0052    peak L = 1.0000
  Σ_fold m            = 71489.36
  Σ_P m               = 34892.39
  SPD = Σ_P/Σ_fold    = 0.4881    PLANE-1 ≥ 0.75 FAIL  (ship ≥ 0.78 FAIL)
  Σ_fold m / (W·H)    = 0.0718    PLANE-2 ≥ 0.045 PASS
  ink I               = 29 rects, dilated 8 px, covering 25.68% of the fold (255679 px)
  ground chain (never ink): div[data-scene=hero-atmosphere] > section#hero > main#main > div.page-frame > body.page-ready > html.__variable_37ef13
    #01 text  a.logo "VIKRAM."  x=41.69 y=34.69 w=90.7 h=21
    #02 media svg  x=41.69 y=59.28 w=90.47 h=3.02
    #03 text  span.menu-toggle__label "Menu"  x=714.55 y=39 w=46.17 h=17
    #04 plate span.menu-toggle__bar α=1  x=770.31 y=43 w=22 h=2
    #05 plate span.menu-toggle__bar α=1  x=770.31 y=50 w=22 h=2
    #06 text  p.Hero_eyebrow__oWOD8 "Melbourne, Australia"  x=54.69 y=162 w=218.94 h=17
    #07 plate span.Hero_locationDot__CTn_R α=1  x=41.69 y=168 w=5 h=5
    #08 text  h1#hero-name "Vikram Deshpande"  x=41.69 y=209 w=228.17 h=94
    #09 text  h1#hero-name "Vikram Deshpande"  x=41.69 y=280.8 w=341.33 h=94
    #10 text  p.Hero_role__DCbYG "Delivery leadership · AI solutions archi"  x=41.69 y=391.59 w=350.91 h=27
    #11 text  p.Hero_role__DCbYG "Delivery leadership · AI solutions archi"  x=41.69 y=424.97 w=128.59 h=27
    #12 text  p.Hero_statement___HX_b "Sixteen years leading delivery across go"  x=41.69 y=491.34 w=308.78 h=21
    #13 text  p.Hero_statement___HX_b "Sixteen years leading delivery across go"  x=41.69 y=521.13 w=388.41 h=21
    #14 text  p.Hero_statement___HX_b "Sixteen years leading delivery across go"  x=41.69 y=550.91 w=347.03 h=21
    #15 text  p.Hero_statement___HX_b "Sixteen years leading delivery across go"  x=41.69 y=580.69 w=350.61 h=21
    #16 text  p.Hero_statement___HX_b "Sixteen years leading delivery across go"  x=41.69 y=610.47 w=346.59 h=21
    #17 text  p.Hero_statement___HX_b "Sixteen years leading delivery across go"  x=41.69 y=640.25 w=75.27 h=21
    #18 plate a.Hero_primaryAction__SBJFA α=1 "See the evidence"  x=41.69 y=714.03 w=184.58 h=48
    #19 text  a.Hero_primaryAction__SBJFA "See the evidence"  x=66.69 y=728.03 w=134.58 h=20
    #20 text  a.Hero_secondaryAction__jCqGE "Download CV"  x=267.27 y=728.03 w=105.78 h=20
    #21 plate div.Hero_portraitMedia__gBrPy α=1  x=475.41 y=355.11 w=316.91 h=176.86
    #22 media img "Portrait of Vikram Deshpande"  x=476.41 y=356.11 w=314.91 h=174.86
    #23 plate figcaption[data-testid=portrait-caption] α=0.88 "Photograph · Melbourne"  x=475.41 y=545.41 w=182.81 h=21.52
    #24 text  figcaption[data-testid=portrait-caption] "Photograph · Melbourne"  x=493 y=548.95 w=158.83 h=14
    #25 plate span[data-testid=minivic-launcher-label] α=1 "Ask Mini Vic"  x=625.63 y=1123 w=112.38 h=30
    #26 text  span[data-testid=minivic-launcher-label] "Ask Mini Vic"  x=642.63 y=1130 w=78.38 h=15
    #27 plate span.minivic-launcher__disc α=1  x=746 y=1106 w=64 h=64
    #28 media svg  x=766 y=1126 w=24 h=24
    #29 plate span.minivic-launcher__dot α=1  x=796 y=1110 w=10 h=10

[hero-plane-dominance] 390×844 /?gl=force (shader, settled) @ https://forgotten-mistory.web.app
  fold W×H            = 390×844 (329160 px)  canvases in #hero = 1
  G (10th-pct L)      = 0.0080    peak L = 1.0000
  Σ_fold m            = 77149.66
  Σ_P m               = 20377.89
  SPD = Σ_P/Σ_fold    = 0.2641    PLANE-1 ≥ 0.75 FAIL  (ship ≥ 0.78 FAIL)
  Σ_fold m / (W·H)    = 0.2344    PLANE-2 ≥ 0.045 PASS
  ink I               = 32 rects, dilated 8 px, covering 81.05% of the fold (266788 px)
  ground chain (never ink): div[data-scene=hero-atmosphere] > section#hero > main#main > div.page-frame > body.page-ready > html.__variable_37ef13 > div > div > canvas
    #01 text  a.logo "VIKRAM."  x=19.5 y=30 w=83.27 h=20
    #02 media svg  x=19.5 y=52 w=82.97 h=2.77
    #03 text  span.menu-toggle__label "Menu"  x=295.73 y=32.63 w=43.17 h=16
    #04 plate span.menu-toggle__bar α=1  x=348.5 y=36.88 w=22 h=2
    #05 plate span.menu-toggle__bar α=1  x=348.5 y=43.88 w=22 h=2
    #06 plate p.Hero_eyebrow__oWOD8 α=0.9 "Melbourne, Australia"  x=16.81 y=118.16 w=356.38 h=19.5
    #07 text  p.Hero_eyebrow__oWOD8 "Melbourne, Australia"  x=37 y=119.16 w=203.3 h=16
    #08 plate span.Hero_locationDot__CTn_R α=1  x=24 y=125.41 w=5 h=5
    #09 plate h1#hero-name α=0.9 "Vikram Deshpande"  x=16.81 y=171.41 w=356.38 h=100.78
    #10 text  h1#hero-name "Vikram Deshpande"  x=24 y=163.41 w=160.19 h=66
    #11 text  h1#hero-name "Vikram Deshpande"  x=24 y=213.8 w=239.63 h=66
    #12 plate p.Hero_role__DCbYG α=0.9 "Delivery leadership · AI solutions archi"  x=16.81 y=292.44 w=356.38 h=57
    #13 text  p.Hero_role__DCbYG "Delivery leadership · AI solutions archi"  x=24 y=294.44 w=299.66 h=23
    #14 text  p.Hero_role__DCbYG "Delivery leadership · AI solutions archi"  x=24 y=322.94 w=109.81 h=23
    #15 plate p.Hero_statement___HX_b α=0.9 "Sixteen years leading delivery across go"  x=16.81 y=357.44 w=356.38 h=152.06
    #16 text  p.Hero_statement___HX_b "Sixteen years leading delivery across go"  x=24 y=360.44 w=262.77 h=19
    #17 text  p.Hero_statement___HX_b "Sixteen years leading delivery across go"  x=24 y=385.78 w=330.53 h=19
    #18 text  p.Hero_statement___HX_b "Sixteen years leading delivery across go"  x=24 y=411.13 w=295.31 h=19
    #19 text  p.Hero_statement___HX_b "Sixteen years leading delivery across go"  x=24 y=436.47 w=298.36 h=19
    #20 text  p.Hero_statement___HX_b "Sixteen years leading delivery across go"  x=24 y=461.81 w=294.95 h=19
    #21 text  p.Hero_statement___HX_b "Sixteen years leading delivery across go"  x=24 y=487.16 w=64.05 h=19
    #22 plate a.Hero_primaryAction__SBJFA α=1 "See the evidence"  x=24 y=533.5 w=180.56 h=48
    #23 text  a.Hero_primaryAction__SBJFA "See the evidence"  x=50.86 y=547.17 w=126.83 h=19
    #24 plate a.Hero_secondaryAction__jCqGE α=0.9 "Download CV"  x=212.56 y=533.5 w=153.44 h=48
    #25 text  a.Hero_secondaryAction__jCqGE "Download CV"  x=239.44 y=547.17 w=99.69 h=19
    #26 plate div.Hero_portraitMedia__gBrPy α=1  x=0 y=623.69 w=390 h=217.66
    #27 media img "Portrait of Vikram Deshpande"  x=0 y=624.69 w=390 h=215.66
    #28 plate span[data-testid=minivic-launcher-label] α=1 "Ask Mini Vic"  x=207.63 y=783.45 w=106.38 h=29.09
    #29 text  span[data-testid=minivic-launcher-label] "Ask Mini Vic"  x=224.63 y=790.45 w=72.38 h=14
    #30 plate span.minivic-launcher__disc α=1  x=322 y=776 w=44 h=44
    #31 media svg  x=332 y=786 w=24 h=24
    #32 plate span.minivic-launcher__dot α=1  x=352 y=780 w=10 h=10

[hero-plane-dominance] 390×844 prefers-reduced-motion still @ https://forgotten-mistory.web.app
  fold W×H            = 390×844 (329160 px)  canvases in #hero = 0
  G (10th-pct L)      = 0.0040    peak L = 1.0000
  Σ_fold m            = 38092.09
  Σ_P m               = 2129.72
  SPD = Σ_P/Σ_fold    = 0.0559    PLANE-1 ≥ 0.75 FAIL  (ship ≥ 0.78 FAIL)
  Σ_fold m / (W·H)    = 0.1157    PLANE-2 ≥ 0.045 PASS
  ink I               = 32 rects, dilated 8 px, covering 81.05% of the fold (266788 px)
  ground chain (never ink): div[data-scene=hero-atmosphere] > section#hero > main#main > div.page-frame > body.page-ready > html.__variable_37ef13
    #01 text  a.logo "VIKRAM."  x=19.5 y=30 w=83.27 h=20
    #02 media svg  x=19.5 y=52 w=82.97 h=2.77
    #03 text  span.menu-toggle__label "Menu"  x=295.73 y=32.63 w=43.17 h=16
    #04 plate span.menu-toggle__bar α=1  x=348.5 y=36.88 w=22 h=2
    #05 plate span.menu-toggle__bar α=1  x=348.5 y=43.88 w=22 h=2
    #06 plate p.Hero_eyebrow__oWOD8 α=0.9 "Melbourne, Australia"  x=16.81 y=118.16 w=356.38 h=19.5
    #07 text  p.Hero_eyebrow__oWOD8 "Melbourne, Australia"  x=37 y=119.16 w=203.3 h=16
    #08 plate span.Hero_locationDot__CTn_R α=1  x=24 y=125.41 w=5 h=5
    #09 plate h1#hero-name α=0.9 "Vikram Deshpande"  x=16.81 y=171.41 w=356.38 h=100.78
    #10 text  h1#hero-name "Vikram Deshpande"  x=24 y=163.41 w=160.19 h=66
    #11 text  h1#hero-name "Vikram Deshpande"  x=24 y=213.8 w=239.63 h=66
    #12 plate p.Hero_role__DCbYG α=0.9 "Delivery leadership · AI solutions archi"  x=16.81 y=292.44 w=356.38 h=57
    #13 text  p.Hero_role__DCbYG "Delivery leadership · AI solutions archi"  x=24 y=294.44 w=299.66 h=23
    #14 text  p.Hero_role__DCbYG "Delivery leadership · AI solutions archi"  x=24 y=322.94 w=109.81 h=23
    #15 plate p.Hero_statement___HX_b α=0.9 "Sixteen years leading delivery across go"  x=16.81 y=357.44 w=356.38 h=152.06
    #16 text  p.Hero_statement___HX_b "Sixteen years leading delivery across go"  x=24 y=360.44 w=262.77 h=19
    #17 text  p.Hero_statement___HX_b "Sixteen years leading delivery across go"  x=24 y=385.78 w=330.53 h=19
    #18 text  p.Hero_statement___HX_b "Sixteen years leading delivery across go"  x=24 y=411.13 w=295.31 h=19
    #19 text  p.Hero_statement___HX_b "Sixteen years leading delivery across go"  x=24 y=436.47 w=298.36 h=19
    #20 text  p.Hero_statement___HX_b "Sixteen years leading delivery across go"  x=24 y=461.81 w=294.95 h=19
    #21 text  p.Hero_statement___HX_b "Sixteen years leading delivery across go"  x=24 y=487.16 w=64.05 h=19
    #22 plate a.Hero_primaryAction__SBJFA α=1 "See the evidence"  x=24 y=533.5 w=180.56 h=48
    #23 text  a.Hero_primaryAction__SBJFA "See the evidence"  x=50.86 y=547.17 w=126.83 h=19
    #24 plate a.Hero_secondaryAction__jCqGE α=0.9 "Download CV"  x=212.56 y=533.5 w=153.44 h=48
    #25 text  a.Hero_secondaryAction__jCqGE "Download CV"  x=239.44 y=547.17 w=99.69 h=19
    #26 plate div.Hero_portraitMedia__gBrPy α=1  x=0 y=623.69 w=390 h=217.66
    #27 media img "Portrait of Vikram Deshpande"  x=0 y=624.69 w=390 h=215.66
    #28 plate span[data-testid=minivic-launcher-label] α=1 "Ask Mini Vic"  x=207.63 y=783.45 w=106.38 h=29.09
    #29 text  span[data-testid=minivic-launcher-label] "Ask Mini Vic"  x=224.63 y=790.45 w=72.38 h=14
    #30 plate span.minivic-launcher__disc α=1  x=322 y=776 w=44 h=44
    #31 media svg  x=332 y=786 w=24 h=24
    #32 plate span.minivic-launcher__dot α=1  x=352 y=780 w=10 h=10

[hero-plane-dominance] summary (base https://forgotten-mistory.web.app, started 2026-09-05T15:37:13.123Z)
  1440x900 gl: SPD=0.6044 lit=0.1673 G=0.0091 FAIL
  1440x900 still: SPD=0.4109 lit=0.1044 G=0.0060 FAIL
  1280x800 gl: SPD=0.5932 lit=0.1722 G=0.0091 FAIL
  1280x800 still: SPD=0.3730 lit=0.1015 G=0.0060 FAIL
  834x1194 gl: SPD=0.8242 lit=0.2674 G=0.0086 PASS
  834x1194 still: SPD=0.4881 lit=0.0718 G=0.0052 FAIL
  390x844 gl: SPD=0.2641 lit=0.2344 G=0.0080 FAIL
  390x844 still: SPD=0.0559 lit=0.1157 G=0.0040 FAIL
[hero-plane-dominance] 7/8 cases RED
exit=1
