npm notice run forgotten-mistory@2.0.0 npx
npm notice run 'playwright' test tests/e2e/about.spec.ts tests/overhaul/scene-about.spec.ts --workers=1 --reporter=line

[2mRunning [22m25[2m tests using [22m1[2m worker[22m

[1A[2K[1/25] [chromium] › tests/e2e/about.spec.ts:39:7 › About › TC-ABOUT-01: all ten dimensions render, in the engine’s own order
[1A[2K[2/25] [chromium] › tests/e2e/about.spec.ts:47:7 › About › TC-ABOUT-02: every dimension carries an answer and its evidence
[1A[2K[3/25] [chromium] › tests/e2e/about.spec.ts:60:7 › About › TC-ABOUT-03: no dimension is given a score
[1A[2K[4/25] [chromium] › tests/e2e/about.spec.ts:80:7 › About › TC-ABOUT-04: the dimensions name their source
[1A[2K[5/25] [chromium] › tests/e2e/about.spec.ts:86:7 › About › TC-ABOUT-05: job-side dimensions are labelled as such
[1A[2K[6/25] [chromium] › tests/e2e/about.spec.ts:99:7 › About › TC-ABOUT-06: the ten items are reading aids, not tab stops
[1A[2K[7/25] [chromium] › tests/e2e/about.spec.ts:153:7 › About › TC-ABOUT-07: the section is complete without WebGL
[1A[2K[8/25] [chromium] › tests/e2e/about.spec.ts:217:7 › About › TC-ABOUT-08: the compass turns as the reader scrolls — item 6 centred reads 06 / FROM THE ROLE
[1A[2K[9/25] [chromium] › tests/e2e/about.spec.ts:241:7 › About › TC-ABOUT-09: hover overrides the scroll index, and leaving the list hands it back
[1A[2K[10/25] [chromium] › tests/e2e/about.spec.ts:260:7 › About › TC-ABOUT-10: on first entry the bezel sweeps once — 1160 ms, emphasised ease, never again
[1A[2K[11/25] [chromium] › tests/e2e/about.spec.ts:303:7 › About › TC-ABOUT-11: under reduced motion the index snaps — no sweep, no travel, still swept
[1A[2K[12/25] [chromium] › tests/e2e/about.spec.ts:331:7 › About › TC-ABOUT-12: no gold on the face — the active sector, its numeral and the ring stay achromatic
[1A[2K[13/25] [chromium] › tests/e2e/about.spec.ts:371:7 › About › TC-ABOUT-13: at 1440 the dial and the first dimension share a baseline
[1A[2K[14/25] [chromium] › tests/overhaul/scene-about.spec.ts:285:7 › TC-SCENE-ABOUT: the compass turns over a field of light › TC-SCENE-ABOUT-01: exactly one canvas mounts in #about once the section is in view
[1A[2K[15/25] [chromium] › tests/overhaul/scene-about.spec.ts:299:7 › TC-SCENE-ABOUT: the compass turns over a field of light › TC-SCENE-ABOUT-02: the canvas is aria-hidden and sits behind the rose and the column
[1A[2K[16/25] [chromium] › tests/overhaul/scene-about.spec.ts:341:7 › TC-SCENE-ABOUT: the compass turns over a field of light › TC-SCENE-ABOUT-03: the field is driven by the same scroll index as the rose
[1A[2K[17/25] [chromium] › tests/overhaul/scene-about.spec.ts:355:7 › TC-SCENE-ABOUT: the compass turns over a field of light › TC-SCENE-ABOUT-04: under reduced motion there is no canvas, and the rose is still the instrument
[1A[2K[18/25] [chromium] › tests/overhaul/scene-about.spec.ts:382:7 › TC-SCENE-ABOUT: the compass turns over a field of light › TC-SCENE-ABOUT-05: with WebGL unavailable the section is whole and silent
[1A[2K[19/25] [chromium] › tests/overhaul/scene-about.spec.ts:412:7 › TC-SCENE-ABOUT: the compass turns over a field of light › TC-SCENE-ABOUT-06: the field is monochrome, palette-sourced and cheap per pixel
[1A[2K[20/25] [chromium] › tests/overhaul/scene-about.spec.ts:444:7 › TC-SCENE-ABOUT: the compass turns over a field of light › TC-SCENE-ABOUT-07: the field is driven by the section data — answered/role/sourced, not scroll alone
[1A[2K[21/25] [chromium] › tests/overhaul/scene-about.spec.ts:488:7 › TC-SCENE-ABOUT: the compass turns over a field of light › TC-SCENE-ABOUT-08: the field is the section’s plane, not the instrument’s backing
[1A[2K[22/25] [chromium] › tests/overhaul/scene-about.spec.ts:562:7 › TC-SCENE-ABOUT: the compass turns over a field of light › TC-SCENE-ABOUT-09: a renderer the name test refuses is measured, not simply turned away
[1A[2K[23/25] [chromium] › tests/overhaul/scene-about.spec.ts:613:9 › TC-SCENE-ABOUT: the compass turns over a field of light › TC-SCENE-ABOUT-10: the field alone tells ten sectors at 1440x900
[1A[2K[24/25] [chromium] › tests/overhaul/scene-about.spec.ts:613:9 › TC-SCENE-ABOUT: the compass turns over a field of light › TC-SCENE-ABOUT-10: the field alone tells ten sectors at 390x844
[1A[2K[25/25] [chromium] › tests/overhaul/scene-about.spec.ts:702:7 › TC-SCENE-ABOUT: the compass turns over a field of light › TC-SCENE-ABOUT-11: the compass is chrome — the plane carries the section
[1A[2K[32m  25 passed[39m[2m (1.7m)[22m
SPECS_EXIT=0
