    at fetchPkgInfo (/root/forgotten-mistory/node_modules/[4mnext[24m/dist/lib/patch-incorrect-lockfile.js:73:25)
[90m    at process.processTicksAndRejections (node:internal/process/task_queues:103:5)[39m
    at async Promise.all (index 0)
    at async patchIncorrectLockfile (/root/forgotten-mistory/node_modules/[4mnext[24m/dist/lib/patch-incorrect-lockfile.js:162:26)
 [32m[1m✓[22m[39m Generating static pages (11/11)
 [37m[1m [22m[39m Finalizing page optimization ...
 [37m[1m [22m[39m Collecting build traces ...

[4mRoute (app)[24m                              [4mSize[24m     [4mFirst Load JS[24m
┌ ○ /                                    31.7 kB         [37m[1m193 kB[22m[39m
├ ○ /_not-found                          138 B          [37m[1m87.8 kB[22m[39m
├ ○ /apple-icon.png                      0 B                [37m[1m0 B[22m[39m
├ ○ /icon.png                            0 B                [37m[1m0 B[22m[39m
├ ○ /performance-benchmark               10.2 kB         [37m[1m107 kB[22m[39m
├ ○ /privacy                             407 B          [37m[1m96.8 kB[22m[39m
├ ○ /robots.txt                          0 B                [37m[1m0 B[22m[39m
├ ○ /sitemap.xml                         0 B                [37m[1m0 B[22m[39m
└ ○ /terms                               407 B          [37m[1m96.8 kB[22m[39m
+ First Load JS shared by all            [37m[1m87.7 kB[22m[39m
  ├ chunks/146-d3c95e4537c242d4.js       31.8 kB
  ├ chunks/b6261da7-736e5ed275a9f3f9.js  53.6 kB
  └ other shared chunks (total)          2.21 kB


○  (Static)  prerendered as static content

[prune] removed out/performance-benchmark.html
[prune] removed out/performance-benchmark.txt
[prune] removed out/_next/static/chunks/app/performance-benchmark
[prune] done — 3 artifact(s) removed from the static export
[sw-stamp] out/sw.js cache name is fm-static-9136bc59 (git HEAD); precaching 68 build asset(s)
  BUILT-OUTPUT SECRET SCAN (NFR-SEC)
  ----------------------------------------------------------
  scanned : 49 files under out/
  shapes  : 12 credential patterns
  identity: 50 real credential value(s) from 1 file(s)
  ----------------------------------------------------------
  RESULT: PASS — no credential material in the emitted bundle.

build exit=0
