1440x900  js-on           box=1440x1329                  canvases=0 poster=true luma=0.1326
1440x900  gl-blocked      box=1440x1329                  canvases=0 poster=true luma=0.1327
1440x900  js-off          box=1440x1329                  canvases=0 poster=true luma=0.1326
1440x900  reduced-motion  box=1440x1329                  canvases=0 poster=true luma=0.1327
390x844   js-on           box=390x1490                   canvases=0 poster=true luma=0.139
390x844   gl-blocked      box=390x1490                   canvases=0 poster=true luma=0.1385
390x844   js-off          box=390x1490                   canvases=0 poster=true luma=0.1384
390x844   reduced-motion  box=390x1490                   canvases=0 poster=true luma=0.1391

[
  {
    "viewport": "1440x900",
    "path": "js-on",
    "stageBox": "1440x1329",
    "heroCanvases": 0,
    "posterLayer": true,
    "meanLuminance": 0.1326,
    "file": "08-screens/hero-1440-js-on.png"
  },
  {
    "viewport": "1440x900",
    "path": "gl-blocked",
    "stageBox": "1440x1329",
    "heroCanvases": 0,
    "posterLayer": true,
    "meanLuminance": 0.1327,
    "file": "08-screens/hero-1440-gl-blocked.png"
  },
  {
    "viewport": "1440x900",
    "path": "js-off",
    "stageBox": "1440x1329",
    "heroCanvases": 0,
    "posterLayer": true,
    "meanLuminance": 0.1326,
    "file": "08-screens/hero-1440-js-off.png"
  },
  {
    "viewport": "1440x900",
    "path": "reduced-motion",
    "stageBox": "1440x1329",
    "heroCanvases": 0,
    "posterLayer": true,
    "meanLuminance": 0.1327,
    "file": "08-screens/hero-1440-reduced-motion.png"
  },
  {
    "viewport": "390x844",
    "path": "js-on",
    "stageBox": "390x1490",
    "heroCanvases": 0,
    "posterLayer": true,
    "meanLuminance": 0.139,
    "file": "08-screens/hero-390-js-on.png"
  },
  {
    "viewport": "390x844",
    "path": "gl-blocked",
    "stageBox": "390x1490",
    "heroCanvases": 0,
    "posterLayer": true,
    "meanLuminance": 0.1385,
    "file": "08-screens/hero-390-gl-blocked.png"
  },
  {
    "viewport": "390x844",
    "path": "js-off",
    "stageBox": "390x1490",
    "heroCanvases": 0,
    "posterLayer": true,
    "meanLuminance": 0.1384,
    "file": "08-screens/hero-390-js-off.png"
  },
  {
    "viewport": "390x844",
    "path": "reduced-motion",
    "stageBox": "390x1490",
    "heroCanvases": 0,
    "posterLayer": true,
    "meanLuminance": 0.1391,
    "file": "08-screens/hero-390-reduced-motion.png"
  }
]
