{
  "measured": [
    {
      "section": "hero",
      "viewport": 1440,
      "canvases": 1,
      "ground": 0.003,
      "box": "1440x900",
      "coveragePct": 43.03,
      "peak": 0.8308,
      "motion": 0.0046,
      "passCoverage": true,
      "passPeak": true,
      "passMotion": true
    },
    {
      "section": "about",
      "viewport": 1440,
      "canvases": 1,
      "ground": 0.003,
      "box": "384x384",
      "coveragePct": 44.67,
      "peak": 0.8308,
      "motion": 0.02379,
      "passCoverage": true,
      "passPeak": true,
      "passMotion": true
    },
    {
      "section": "experience",
      "viewport": 1440,
      "canvases": 1,
      "ground": 0.003,
      "box": "1298x505",
      "coveragePct": 26.93,
      "peak": 0.807,
      "motion": 0.04598,
      "passCoverage": true,
      "passPeak": true,
      "passMotion": true
    },
    {
      "section": "hero",
      "viewport": 390,
      "canvases": 1,
      "ground": 0.003,
      "box": "390x844",
      "coveragePct": 0,
      "peak": 0.0212,
      "motion": 0.00011,
      "passCoverage": false,
      "passPeak": false,
      "passMotion": false
    },
    {
      "section": "about",
      "viewport": 390,
      "canvases": 1,
      "ground": 0.003,
      "box": "224x224",
      "coveragePct": 42.85,
      "peak": 0.2965,
      "motion": 0.01113,
      "passCoverage": true,
      "passPeak": false,
      "passMotion": true
    },
    {
      "section": "experience",
      "viewport": 390,
      "canvases": 1,
      "ground": 0.003,
      "box": "356x605",
      "coveragePct": 36.57,
      "peak": 0.8308,
      "motion": 0.05467,
      "passCoverage": true,
      "passPeak": true,
      "passMotion": true
    }
  ],
  "still": [
    {
      "section": "hero",
      "canvases": 0,
      "ground": 0.003,
      "coveragePct": 17.3,
      "peak": 0.0931
    },
    {
      "section": "about",
      "canvases": 0,
      "ground": 0.003,
      "coveragePct": 35.29,
      "peak": 0.0801
    },
    {
      "section": "experience",
      "canvases": 0,
      "ground": 0.003,
      "coveragePct": 4.11,
      "peak": 0.1531
    }
  ],
  "contrastGlForce": {
    "390": [
      {
        "ratio": 1.1,
        "need": 4.5,
        "section": "experience",
        "selector": "div.Experience_chart__PSIiB > div.Experience_trackField__OxyjE > ol.Experience_tracks__ZVI9F > li.Experience_trackRow__27vfZ > button.Experience_trackButton__hUcAB > span.Experience_trackCompany__Fv6mI",
        "text": "Telstra",
        "fg": "rgb(144,144,144)",
        "bg": "rgb(137,137,137)",
        "fontSize": 13
      },
      {
        "ratio": 1.11,
        "need": 4.5,
        "section": "experience",
        "selector": "div.Experience_chart__PSIiB > div.Experience_trackField__OxyjE > ol.Experience_tracks__ZVI9F > li.Experience_trackRow__27vfZ > button.Experience_trackButton__hUcAB > span.Experience_trackCompany__Fv6mI",
        "text": "InfoCentric",
        "fg": "rgb(144,144,144)",
        "bg": "rgb(136,136,136)",
        "fontSize": 13
      },
      {
        "ratio": 1.85,
        "need": 4.5,
        "section": "experience",
        "selector": "div.Experience_chart__PSIiB > div.Experience_trackField__OxyjE > ol.Experience_tracks__ZVI9F > li.Experience_trackRow__27vfZ > button.Experience_trackButton__hUcAB > span.Experience_trackCompany__Fv6mI",
        "text": "Microsoft",
        "fg": "rgb(144,144,144)",
        "bg": "rgb(100,100,100)",
        "fontSize": 13
      },
      {
        "ratio": 2.66,
        "need": 4.5,
        "section": "about",
        "selector": "div.About_instrumentStage__otsrl > svg.Compass_compass__KU_lT > g.Compass_sweep__DIKqO > g.Compass_rose__PW3GF > g > text.Compass_numeral__9WSmf",
        "text": "01",
        "fg": "rgb(230,230,230)",
        "bg": "rgb(141,141,142)",
        "fontSize": 3.4
      },
      {
        "ratio": 2.74,
        "need": 4.5,
        "section": "about",
        "selector": "div.About_instrumentStage__otsrl > svg.Compass_compass__KU_lT > g.Compass_sweep__DIKqO > g.Compass_rose__PW3GF > g > text.Compass_numeral__9WSmf",
        "text": "03",
        "fg": "rgb(230,230,230)",
        "bg": "rgb(138,139,139)",
        "fontSize": 3.4
      },
      {
        "ratio": 2.76,
        "need": 4.5,
        "section": "about",
        "selector": "div.About_instrumentStage__otsrl > svg.Compass_compass__KU_lT > g.Compass_sweep__DIKqO > g.Compass_rose__PW3GF > g > text.Compass_numeral__9WSmf",
        "text": "02",
        "fg": "rgb(230,230,230)",
        "bg": "rgb(138,138,139)",
        "fontSize": 3.4
      },
      {
        "ratio": 2.77,
        "need": 4.5,
        "section": "experience",
        "selector": "div.Experience_chart__PSIiB > div.Experience_trackField__OxyjE > ol.Experience_tracks__ZVI9F > li.Experience_trackRow__27vfZ > button.Experience_trackButton__hUcAB > span.Experience_trackCompany__Fv6mI",
        "text": "ANZ Banking Group",
        "fg": "rgb(144,144,144)",
        "bg": "rgb(74,74,75)",
        "fontSize": 13
      },
      {
        "ratio": 2.91,
        "need": 4.5,
        "section": "experience",
        "selector": "div.Experience_chart__PSIiB > div.Experience_trackField__OxyjE > ol.Experience_tracks__ZVI9F > li.Experience_trackRow__27vfZ > button.Experience_trackButton__hUcAB > span.Experience_trackCompany__Fv6mI",
        "text": "Independent AI Consulting & Upskilling",
        "fg": "rgb(144,144,144)",
        "bg": "rgb(71,71,71)",
        "fontSize": 13
      },
      {
        "ratio": 2.91,
        "need": 4.5,
        "section": "experience",
        "selector": "div.Experience_chart__PSIiB > div.Experience_trackField__OxyjE > ol.Experience_tracks__ZVI9F > li.Experience_trackRow__27vfZ > button.Experience_trackButton__hUcAB > span.Experience_trackCompany__Fv6mI",
        "text": "MYOB",
        "fg": "rgb(144,144,144)",
        "bg": "rgb(71,71,71)",
        "fontSize": 13
      },
      {
        "ratio": 3.32,
        "need": 4.5,
        "section": "about",
        "selector": "div.About_instrumentStage__otsrl > svg.Compass_compass__KU_lT > g.Compass_sweep__DIKqO > g.Compass_rose__PW3GF > g > text.Compass_numeral__9WSmf",
        "text": "09",
        "fg": "rgb(228,228,228)",
        "bg": "rgb(123,123,125)",
        "fontSize": 3.4
      },
      {
        "ratio": 3.45,
        "need": 4.5,
        "section": "about",
        "selector": "div.About_instrumentStage__otsrl > svg.Compass_compass__KU_lT > g.Compass_sweep__DIKqO > g.Compass_rose__PW3GF > g > text.Compass_numeral__9WSmf",
        "text": "10",
        "fg": "rgb(227,227,227)",
        "bg": "rgb(119,120,121)",
        "fontSize": 3.4
      },
      {
        "ratio": 4.18,
        "need": 4.5,
        "section": "experience",
        "selector": "div.Experience_chart__PSIiB > div.Experience_trackField__OxyjE > ol.Experience_tracks__ZVI9F > li.Experience_trackRow__27vfZ > button.Experience_trackButton__hUcAB > span.Experience_trackCompany__Fv6mI",
        "text": "Australian Taxation Office (ATO)",
        "fg": "rgb(144,144,144)",
        "bg": "rgb(47,47,49)",
        "fontSize": 13
      }
    ],
    "1440": [
      {
        "ratio": 1.34,
        "need": 4.5,
        "section": "hero",
        "selector": "div.Hero_inner__2iGTj > div.Hero_ledgerRow__UJeSu > ul.Hero_ledger__T0DjZ > li.Hero_ledgerItem__FffnS > span.Hero_ledgerText__mfTOf > span.Hero_ledgerSource__w3Mjd",
        "text": "ANZ · real-time telemetry platform",
        "fg": "rgb(144,144,144)",
        "bg": "rgb(168,168,168)",
        "fontSize": 12
      },
      {
        "ratio": 1.36,
        "need": 3,
        "section": "hero",
        "selector": "div.Hero_inner__2iGTj > div.Hero_ledgerRow__UJeSu > ul.Hero_ledger__T0DjZ > li.Hero_ledgerItem__FffnS > span.Caliper_caliper__w4oUs.Hero_ledgerValue__bBHSS > span.Caliper_gloss__iEiBg",
        "text": "(Self-reported figure.)",
        "fg": "rgb(144,144,144)",
        "bg": "rgb(121,121,121)",
        "fontSize": 30
      },
      {
        "ratio": 2.16,
        "need": 4.5,
        "section": "experience",
        "selector": "div.Experience_chart__PSIiB > div.Experience_trackField__OxyjE > ol.Experience_tracks__ZVI9F > li.Experience_trackRow__27vfZ > button.Experience_trackButton__hUcAB > span.Experience_trackCompany__Fv6mI",
        "text": "ANZ Banking Group",
        "fg": "rgb(144,144,144)",
        "bg": "rgb(90,90,90)",
        "fontSize": 14
      },
      {
        "ratio": 2.48,
        "need": 4.5,
        "section": "hero",
        "selector": "div.Hero_inner__2iGTj > div.Hero_ledgerRow__UJeSu > ul.Hero_ledger__T0DjZ > li.Hero_ledgerItem__FffnS > span.Hero_ledgerText__mfTOf > span.Hero_ledgerLabel__xiHj0",
        "text": "devices at P95 < 200 ms",
        "fg": "rgb(205,205,205)",
        "bg": "rgb(128,128,128)",
        "fontSize": 16
      },
      {
        "ratio": 2.73,
        "need": 4.5,
        "section": "experience",
        "selector": "div.Experience_chart__PSIiB > div.Experience_trackField__OxyjE > ol.Experience_tracks__ZVI9F > li.Experience_trackRow__27vfZ > button.Experience_trackButton__hUcAB > span.Experience_trackCompany__Fv6mI",
        "text": "National Australia Bank (NAB)",
        "fg": "rgb(144,144,144)",
        "bg": "rgb(75,75,75)",
        "fontSize": 14
      },
      {
        "ratio": 2.86,
        "need": 4.5,
        "section": "experience",
        "selector": "div.Experience_chart__PSIiB > div.Experience_trackField__OxyjE > ol.Experience_tracks__ZVI9F > li.Experience_trackRow__27vfZ > button.Experience_trackButton__hUcAB > span.Experience_trackCompany__Fv6mI",
        "text": "InfoCentric",
        "fg": "rgb(144,144,144)",
        "bg": "rgb(72,72,72)",
        "fontSize": 14
      },
      {
        "ratio": 2.96,
        "need": 4.5,
        "section": "experience",
        "selector": "div.Experience_chart__PSIiB > div.Experience_trackField__OxyjE > ol.Experience_tracks__ZVI9F > li.Experience_trackRow__27vfZ > button.Experience_trackButton__hUcAB > span.Experience_trackCompany__Fv6mI",
        "text": "Independent AI Consulting & Upskilling",
        "fg": "rgb(144,144,144)",
        "bg": "rgb(70,70,70)",
        "fontSize": 14
      },
      {
        "ratio": 3.84,
        "need": 4.5,
        "section": "experience",
        "selector": "div.Experience_chart__PSIiB > div.Experience_trackField__OxyjE > ol.Experience_tracks__ZVI9F > li.Experience_trackRow__27vfZ > button.Experience_trackButton__hUcAB > span.Experience_trackCompany__Fv6mI",
        "text": "Australian Taxation Office (ATO)",
        "fg": "rgb(144,144,144)",
        "bg": "rgb(53,53,53)",
        "fontSize": 14
      },
      {
        "ratio": 3.84,
        "need": 4.5,
        "section": "experience",
        "selector": "div.Experience_trackField__OxyjE > ol.Experience_tracks__ZVI9F > li.Experience_trackRow__27vfZ > button.Experience_trackButton__hUcAB > span.Experience_trackLine__VEUWu > span.Experience_trackYears__HHvoZ",
        "text": "3.3 yr",
        "fg": "rgb(205,205,205)",
        "bg": "rgb(98,98,98)",
        "fontSize": 12
      }
    ]
  },
  "captures": [
    "docs/delivery/evidence/v10-20260905T0515Z/C22-flagship-visibility-a/verify/shots/hero-1440-glforce-rest.png",
    "docs/delivery/evidence/v10-20260905T0515Z/C22-flagship-visibility-a/verify/shots/about-1440-glforce-rest.png",
    "docs/delivery/evidence/v10-20260905T0515Z/C22-flagship-visibility-a/verify/shots/experience-1440-glforce-rest.png",
    "docs/delivery/evidence/v10-20260905T0515Z/C22-flagship-visibility-a/verify/shots/hero-390-glforce-rest.png",
    "docs/delivery/evidence/v10-20260905T0515Z/C22-flagship-visibility-a/verify/shots/about-390-glforce-rest.png",
    "docs/delivery/evidence/v10-20260905T0515Z/C22-flagship-visibility-a/verify/shots/experience-390-glforce-rest.png"
  ]
}
PROBE_EXIT=0
