npm warn ERESOLVE overriding peer dependency
npm warn While resolving: postprocessing@6.39.4
npm warn Found: three@0.165.0
npm warn node_modules/three
npm warn   three@"0.165.0" from the root project
npm warn   14 more (@monogrid/gainmap-js, @react-spring/three, ...)
npm warn
npm warn Could not resolve dependency:
npm warn peer three@">= 0.168.0 < 0.186.0" from postprocessing@6.39.4
npm warn node_modules/postprocessing
npm warn   postprocessing@"^6.32.1" from @react-three/postprocessing@2.16.3
npm warn   node_modules/@react-three/postprocessing
npm warn   1 more (n8ao)
npm warn
npm warn Conflicting peer dependency: three@0.185.1
npm warn node_modules/three
npm warn   peer three@">= 0.168.0 < 0.186.0" from postprocessing@6.39.4
npm warn   node_modules/postprocessing
npm warn     postprocessing@"^6.32.1" from @react-three/postprocessing@2.16.3
npm warn     node_modules/@react-three/postprocessing
npm warn     1 more (n8ao)
npm warn deprecated inflight@1.0.6: This module is not supported, and leaks memory. Do not use it. Check out lru-cache if you want a good and tested way to coalesce async requests by a key value, which is much more comprehensive and powerful.
npm warn deprecated @humanwhocodes/config-array@0.11.14: Use @eslint/config-array instead
npm warn deprecated rimraf@3.0.2: Rimraf versions prior to v4 are no longer supported
npm warn deprecated glob@7.2.3: Glob versions prior to v9 are no longer supported
npm warn deprecated @humanwhocodes/object-schema@2.0.3: Use @eslint/object-schema instead
npm warn deprecated three-mesh-bvh@0.7.8: Deprecated due to three.js version incompatibility. Please use v0.8.0, instead.
npm warn deprecated eslint@8.57.0: This version is no longer supported. Please see https://eslint.org/version-support for other options.

added 558 packages, and audited 559 packages in 13s

152 packages are looking for funding
  run `npm fund` for details

found 0 vulnerabilities
npm warn install-scripts 2 packages had install scripts blocked because they are not covered by allowScripts:
npm warn install-scripts   @tailwindcss/oxide@4.1.13 (postinstall: node ./scripts/install.js)
npm warn install-scripts   unrs-resolver@1.11.1 (postinstall: napi-postinstall unrs-resolver 1.11.1 check)
npm warn install-scripts
npm warn install-scripts Run `npm install-scripts ls` to review, or `npm install-scripts approve <pkg>` to allow.
